lpi2c_adapter.c:52:18:HAL_I2cGetStatus	24	static
lpi2c_adapter.c:96:13:HAL_I2cMasterCallback	40	static
lpi2c_adapter.c:109:13:HAL_I2cSlaveCallback	32	static
lpi2c_adapter.c:129:18:HAL_I2cMasterInit	48	static
lpi2c_adapter.c:154:18:HAL_I2cSlaveInit	56	static
lpi2c_adapter.c:179:18:HAL_I2cMasterDeinit	24	static
lpi2c_adapter.c:192:18:HAL_I2cSlaveDeinit	24	static
lpi2c_adapter.c:205:18:HAL_I2cMasterWriteBlocking	24	static
lpi2c_adapter.c:213:18:HAL_I2cMasterReadBlocking	24	static
lpi2c_adapter.c:221:18:HAL_I2cSlaveWriteBlocking	24	static
lpi2c_adapter.c:226:18:HAL_I2cSlaveReadBlocking	24	static
lpi2c_adapter.c:231:18:HAL_I2cMasterTransferBlocking	48	static
lpi2c_adapter.c:252:18:HAL_I2cMasterTransferInstallCallback	32	static
lpi2c_adapter.c:270:18:HAL_I2cMasterTransferNonBlocking	48	static
lpi2c_adapter.c:291:18:HAL_I2cMasterTransferGetCount	24	static
lpi2c_adapter.c:303:18:HAL_I2cMasterTransferAbort	24	static
lpi2c_adapter.c:315:18:HAL_I2cSlaveTransferInstallCallback	32	static
lpi2c_adapter.c:333:18:HAL_I2cSlaveTransferNonBlocking	24	static
lpi2c_adapter.c:345:18:HAL_I2cSlaveTransferAbort	24	static
lpi2c_adapter.c:358:18:HAL_I2cSlaveTransferGetCount	24	static
