gthr-default.h:229:1:int __gthread_key_delete(__gthread_key_t)	16	static
op_resolver.h:35:11:tflite::OpResolver::~OpResolver()	16	static
op_resolver.h:35:11:virtual tflite::OpResolver::~OpResolver()	16	static
op_resolver.h:27:7:constexpr tflite::OpResolver::OpResolver()	16	static
micro_mutable_op_resolver.h:33:7:tflite::MicroOpResolver<128>::MicroOpResolver()	16	static
micro_mutable_op_resolver.h:33:7:tflite::MicroOpResolver<128>::~MicroOpResolver()	16	static
micro_mutable_op_resolver.h:33:7:virtual tflite::MicroOpResolver<128>::~MicroOpResolver()	16	static
micro_mutable_op_resolver.h:105:7:tflite::MicroMutableOpResolver::MicroMutableOpResolver()	16	static
micro_mutable_op_resolver.h:105:7:tflite::MicroMutableOpResolver::~MicroMutableOpResolver()	16	static
micro_mutable_op_resolver.h:105:7:virtual tflite::MicroMutableOpResolver::~MicroMutableOpResolver()	16	static
all_ops_resolver.cc:23:1:tflite::ops::micro::AllOpsResolver::AllOpsResolver()	32	static
micro_mutable_op_resolver.h:59:8:void tflite::MicroOpResolver<tOpCount>::AddBuiltin(tflite::BuiltinOperator, TfLiteRegistration*, int, int) [with unsigned int tOpCount = 128]	40	static
all_ops_resolver.h:22:7:tflite::ops::micro::AllOpsResolver::~AllOpsResolver()	16	static
all_ops_resolver.h:22:7:virtual tflite::ops::micro::AllOpsResolver::~AllOpsResolver()	16	static
micro_mutable_op_resolver.h:35:29:const TfLiteRegistration* tflite::MicroOpResolver<tOpCount>::FindOp(tflite::BuiltinOperator, int) const [with unsigned int tOpCount = 128]	32	static
micro_mutable_op_resolver.h:47:29:const TfLiteRegistration* tflite::MicroOpResolver<tOpCount>::FindOp(const char*, int) const [with unsigned int tOpCount = 128]	32	static
