cmath:1756:3:constexpr float std::round(float)	16	static
types.h:137:3:tflite::RuntimeShape::RuntimeShape()	16	static
types.h:156:3:tflite::RuntimeShape::RuntimeShape(int, const int32*)	24	static
types.h:178:3:tflite::RuntimeShape::~RuntimeShape()	16	static
types.h:188:16:int32 tflite::RuntimeShape::DimensionsCount() const	16	static
types.h:189:16:int32 tflite::RuntimeShape::Dims(int) const	16	static
types.h:204:17:int32* tflite::RuntimeShape::DimsData()	16	static
types.h:213:15:void tflite::RuntimeShape::Resize(int)	16	static
types.h:231:15:void tflite::RuntimeShape::ReplaceWith(int, const int32*)	32	static
types.h:432:12:int tflite::MatchingDim(const tflite::RuntimeShape&, int, const tflite::RuntimeShape&, int)	32	static
concatenation.h:74:13:void tflite::reference_ops::ConcatenationWithScaling(const tflite::ConcatenationParams&, const tflite::RuntimeShape* const*, const uint8* const*, const tflite::RuntimeShape&, uint8*)	160	static
gthr-default.h:229:1:int __gthread_key_delete(__gthread_key_t)	16	static
tensor_ctypes.h:34:21:tflite::RuntimeShape tflite::GetTensorShape(const TfLiteTensor*)	32	static
kernel_util.h:27:12:int tflite::NumDimensions(const TfLiteTensor*)	16	static
kernel_util.h:31:28:const TfLiteTensor* tflite::GetInput(TfLiteContext*, const TfLiteNode*, int)	32	static
kernel_util.h:45:22:TfLiteTensor* tflite::GetOutput(TfLiteContext*, const TfLiteNode*, int)	32	static
kernel_util.h:59:12:int tflite::NumInputs(const TfLiteNode*)	16	static
concatenation.cc:33:14:TfLiteStatus tflite::ops::micro::concatenation::Prepare(TfLiteContext*, TfLiteNode*)	64	static
concatenation.cc:75:12:int tflite::ops::micro::concatenation::CalculatePositiveAxis(int, const TfLiteTensor*)	16	static
concatenation.cc:88:13:void tflite::ops::micro::concatenation::GetAllTensorShapes(const TfLiteContext&, const TfLiteIntArray&, tflite::RuntimeShape*)	64	static
concatenation.cc:99:13:void tflite::ops::micro::concatenation::GetShapesPointers(const tflite::RuntimeShape*, size_t, const tflite::RuntimeShape**)	32	static
concatenation.cc:118:13:void tflite::ops::micro::concatenation::GetAllQuantizationParam(const TfLiteContext&, const TfLiteIntArray&, float*, int32*)	32	static
concatenation.cc:153:6:void tflite::ops::micro::concatenation::EvalQuantizedUInt8(TfLiteContext*, TfLiteNode*)	488	static
concatenation.cc:184:14:TfLiteStatus tflite::ops::micro::concatenation::Eval(TfLiteContext*, TfLiteNode*)	32	static
concatenation.cc:216:21:TfLiteRegistration* tflite::ops::micro::Register_CONCATENATION()	4	static
stl_algobase.h:219:5:const _Tp& std::max(const _Tp&, const _Tp&) [with _Tp = long int]	16	static
stl_algobase.h:195:5:const _Tp& std::min(const _Tp&, const _Tp&) [with _Tp = long int]	16	static
base.h:344:24:T flatbuffers::EndianScalar(T) [with T = int]	16	static
concatenation.cc:108:13:void tflite::ops::micro::concatenation::GetAllTensorData(const TfLiteContext&, const TfLiteIntArray&, T**) [with T = const unsigned char]	40	static
tensor_ctypes.h:24:11:T* tflite::GetTensorData(TfLiteTensor*) [with T = unsigned char]	16	static
concatenation.cc:130:6:void tflite::ops::micro::concatenation::EvalUnquantized(TfLiteContext*, TfLiteNode*) [with data_type = float]	408	static
concatenation.cc:130:6:void tflite::ops::micro::concatenation::EvalUnquantized(TfLiteContext*, TfLiteNode*) [with data_type = long int]	408	static
concatenation.cc:130:6:void tflite::ops::micro::concatenation::EvalUnquantized(TfLiteContext*, TfLiteNode*) [with data_type = signed char]	408	static
concatenation.cc:130:6:void tflite::ops::micro::concatenation::EvalUnquantized(TfLiteContext*, TfLiteNode*) [with data_type = long long int]	408	static
tensor_ctypes.h:29:17:const T* tflite::GetTensorData(const TfLiteTensor*) [with T = const unsigned char]	16	static
concatenation.cc:108:13:void tflite::ops::micro::concatenation::GetAllTensorData(const TfLiteContext&, const TfLiteIntArray&, T**) [with T = const float]	40	static
tensor_ctypes.h:24:11:T* tflite::GetTensorData(TfLiteTensor*) [with T = float]	16	static
concatenation.h:27:13:void tflite::reference_ops::Concatenation(const tflite::ConcatenationParams&, const tflite::RuntimeShape* const*, const Scalar* const*, const tflite::RuntimeShape&, Scalar*) [with Scalar = float]	120	static
concatenation.cc:108:13:void tflite::ops::micro::concatenation::GetAllTensorData(const TfLiteContext&, const TfLiteIntArray&, T**) [with T = const long int]	40	static
tensor_ctypes.h:24:11:T* tflite::GetTensorData(TfLiteTensor*) [with T = long int]	16	static
concatenation.h:27:13:void tflite::reference_ops::Concatenation(const tflite::ConcatenationParams&, const tflite::RuntimeShape* const*, const Scalar* const*, const tflite::RuntimeShape&, Scalar*) [with Scalar = long int]	120	static
concatenation.cc:108:13:void tflite::ops::micro::concatenation::GetAllTensorData(const TfLiteContext&, const TfLiteIntArray&, T**) [with T = const signed char]	40	static
tensor_ctypes.h:24:11:T* tflite::GetTensorData(TfLiteTensor*) [with T = signed char]	16	static
concatenation.h:27:13:void tflite::reference_ops::Concatenation(const tflite::ConcatenationParams&, const tflite::RuntimeShape* const*, const Scalar* const*, const tflite::RuntimeShape&, Scalar*) [with Scalar = signed char]	120	static
concatenation.cc:108:13:void tflite::ops::micro::concatenation::GetAllTensorData(const TfLiteContext&, const TfLiteIntArray&, T**) [with T = const long long int]	40	static
tensor_ctypes.h:24:11:T* tflite::GetTensorData(TfLiteTensor*) [with T = long long int]	16	static
concatenation.h:27:13:void tflite::reference_ops::Concatenation(const tflite::ConcatenationParams&, const tflite::RuntimeShape* const*, const Scalar* const*, const tflite::RuntimeShape&, Scalar*) [with Scalar = long long int]	120	static
tensor_ctypes.h:29:17:const T* tflite::GetTensorData(const TfLiteTensor*) [with T = const float]	16	static
tensor_ctypes.h:29:17:const T* tflite::GetTensorData(const TfLiteTensor*) [with T = const long int]	16	static
tensor_ctypes.h:29:17:const T* tflite::GetTensorData(const TfLiteTensor*) [with T = const signed char]	16	static
tensor_ctypes.h:29:17:const T* tflite::GetTensorData(const TfLiteTensor*) [with T = const long long int]	16	static
