limits:1138:7:static constexpr long int std::numeric_limits<long int>::min()	4	static
limits:1141:7:static constexpr long int std::numeric_limits<long int>::max()	4	static
limits:1602:7:static constexpr float std::numeric_limits<float>::max()	4	static
limits:1606:7:static constexpr float std::numeric_limits<float>::lowest()	4	static
types.h:137:3:tflite::RuntimeShape::RuntimeShape()	16	static
types.h:156:3:tflite::RuntimeShape::RuntimeShape(int, const int32*)	24	static
types.h:178:3:tflite::RuntimeShape::~RuntimeShape()	16	static
types.h:188:16:int32 tflite::RuntimeShape::DimensionsCount() const	16	static
types.h:189:16:int32 tflite::RuntimeShape::Dims(int) const	16	static
types.h:204:17:int32* tflite::RuntimeShape::DimsData()	16	static
types.h:207:23:const int32* tflite::RuntimeShape::DimsData() const	16	static
types.h:211:23:const int32* tflite::RuntimeShape::DimsDataUpTo5D() const	16	static
types.h:213:15:void tflite::RuntimeShape::Resize(int)	16	static
types.h:231:15:void tflite::RuntimeShape::ReplaceWith(int, const int32*)	32	static
types.h:265:14:int tflite::RuntimeShape::FlatSize() const	32	static
types.h:379:12:int tflite::Offset(const tflite::RuntimeShape&, int, int, int, int)	32	static
types.h:432:12:int tflite::MatchingDim(const tflite::RuntimeShape&, int, const tflite::RuntimeShape&, int)	32	static
fixedpoint.h:329:21:IntegerType gemmlowp::SaturatingRoundingDoublingHighMul(IntegerType, IntegerType) [with IntegerType = long int]	72	static
common.h:53:14:float tflite::ActivationFunctionWithMinMax(float, float, float)	24	static
common.h:148:14:int32 tflite::MultiplyByQuantizedMultiplier(int32, int32, int)	32	static
conv.h:28:13:void tflite::reference_ops::Conv(const tflite::ConvParams&, const tflite::RuntimeShape&, const float*, const tflite::RuntimeShape&, const float*, const tflite::RuntimeShape&, const float*, const tflite::RuntimeShape&, float*, const tflite::RuntimeShape&, float*)	176	static
conv.h:101:13:void tflite::reference_ops::Conv(const tflite::ConvParams&, const tflite::RuntimeShape&, const uint8*, const tflite::RuntimeShape&, const uint8*, const tflite::RuntimeShape&, const int32*, const tflite::RuntimeShape&, uint8*, const tflite::RuntimeShape&, uint8*, void*)	184	static
conv.h:24:13:void tflite::reference_integer_ops::ConvPerChannel(const tflite::ConvParams&, const int32*, const int32*, const tflite::RuntimeShape&, const int8*, const tflite::RuntimeShape&, const int8*, const tflite::RuntimeShape&, const int32*, const tflite::RuntimeShape&, int8*)	176	static
tensor_ctypes.h:34:21:tflite::RuntimeShape tflite::GetTensorShape(const TfLiteTensor*)	32	static
gthr-default.h:229:1:int __gthread_key_delete(__gthread_key_t)	16	static
kernel_util.h:31:28:const TfLiteTensor* tflite::GetInput(TfLiteContext*, const TfLiteNode*, int)	32	static
kernel_util.h:45:22:TfLiteTensor* tflite::GetOutput(TfLiteContext*, const TfLiteNode*, int)	32	static
kernel_util.h:77:28:const TfLiteTensor* tflite::GetOptionalInputTensor(TfLiteContext*, const TfLiteNode*, int)	40	static
padding.h:32:12:int tflite::ComputePaddingWithOffset(int, int, int, int, int, int*)	32	static
padding.h:44:12:int tflite::ComputeOutSize(TfLitePadding, int, int, int, int)	32	static
padding.h:57:28:TfLitePaddingValues tflite::ComputePaddingHeightWidth(int, int, int, int, int, int, int, int, TfLitePadding, int*, int*)	40	static
conv.cc:62:20:tflite::PaddingType tflite::ops::micro::conv::RuntimePaddingType(TfLitePadding)	16	static
conv.cc:74:14:TfLiteStatus tflite::ops::micro::conv::CalculateOpData(TfLiteContext*, TfLiteNode*, TfLiteConvParams*, int, int, int, int, int, int, TfLiteType, tflite::ops::micro::conv::OpData*)	128	static
conv.cc:112:7:void* tflite::ops::micro::conv::Init(TfLiteContext*, const char*, size_t)	24	static
conv.cc:116:6:void tflite::ops::micro::conv::Free(TfLiteContext*, void*)	16	static
conv.cc:118:14:TfLiteStatus tflite::ops::micro::conv::Prepare(TfLiteContext*, TfLiteNode*)	16	static
conv.cc:122:6:void tflite::ops::micro::conv::EvalQuantized(TfLiteContext*, TfLiteNode*, TfLiteConvParams*, tflite::ops::micro::conv::OpData*, const TfLiteTensor*, const TfLiteTensor*, const TfLiteTensor*, TfLiteTensor*, TfLiteTensor*, TfLiteTensor*)	272	static
conv.cc:154:6:void tflite::ops::micro::conv::EvalQuantizedPerChannel(TfLiteContext*, TfLiteNode*, TfLiteConvParams*, tflite::ops::micro::conv::OpData*, const TfLiteTensor*, const TfLiteTensor*, const TfLiteTensor*, TfLiteTensor*, TfLiteTensor*)	232	static
conv.cc:181:6:void tflite::ops::micro::conv::EvalFloat(TfLiteContext*, TfLiteNode*, TfLiteConvParams*, tflite::ops::micro::conv::OpData*, const TfLiteTensor*, const TfLiteTensor*, const TfLiteTensor*, TfLiteTensor*, TfLiteTensor*, TfLiteTensor*)	256	static
conv.cc:209:14:TfLiteStatus tflite::ops::micro::conv::Eval(TfLiteContext*, TfLiteNode*)	2184	static
conv.cc:273:21:TfLiteRegistration* tflite::ops::micro::Register_CONV_2D()	4	static
stl_algobase.h:219:5:const _Tp& std::max(const _Tp&, const _Tp&) [with _Tp = long int]	16	static
stl_algobase.h:195:5:const _Tp& std::min(const _Tp&, const _Tp&) [with _Tp = long int]	16	static
stl_algobase.h:219:5:const _Tp& std::max(const _Tp&, const _Tp&) [with _Tp = float]	16	static
stl_algobase.h:195:5:const _Tp& std::min(const _Tp&, const _Tp&) [with _Tp = float]	16	static
fixedpoint.h:357:20:IntegerType gemmlowp::RoundingDivideByPOT(IntegerType, int) [with IntegerType = long int]	56	static
base.h:344:24:T flatbuffers::EndianScalar(T) [with T = int]	16	static
tensor_ctypes.h:29:17:const T* tflite::GetTensorData(const TfLiteTensor*) [with T = unsigned char]	16	static
tensor_ctypes.h:29:17:const T* tflite::GetTensorData(const TfLiteTensor*) [with T = long int]	16	static
tensor_ctypes.h:24:11:T* tflite::GetTensorData(TfLiteTensor*) [with T = unsigned char]	16	static
tensor_ctypes.h:29:17:const T* tflite::GetTensorData(const TfLiteTensor*) [with T = signed char]	16	static
tensor_ctypes.h:24:11:T* tflite::GetTensorData(TfLiteTensor*) [with T = signed char]	16	static
kernel_util.h:157:6:void tflite::CalculateActivationRange(TfLiteFusedActivation, T*, T*) [with T = float]	24	static
tensor_ctypes.h:29:17:const T* tflite::GetTensorData(const TfLiteTensor*) [with T = float]	16	static
tensor_ctypes.h:24:11:T* tflite::GetTensorData(TfLiteTensor*) [with T = float]	16	static
fixedpoint.h:64:10:tRawType gemmlowp::Dup(typename gemmlowp::FixedPointRawTypeTraits<tRawType>::ScalarRawType) [with tRawType = long int]	16	static
fixedpoint.h:70:14:tIntegerType gemmlowp::BitAnd(tIntegerType, tIntegerType) [with tIntegerType = long int]	16	static
fixedpoint.h:140:14:tIntegerType gemmlowp::ShiftRight(tIntegerType, int) [with tIntegerType = long int]	16	static
fixedpoint.h:199:14:tIntegerType gemmlowp::MaskIfLessThan(tIntegerType, tIntegerType) [with tIntegerType = long int]	16	static
fixedpoint.h:94:14:tIntegerType gemmlowp::Add(tIntegerType, tIntegerType) [with tIntegerType = long int]	16	static
fixedpoint.h:185:14:tIntegerType gemmlowp::MaskIfGreaterThan(tIntegerType, tIntegerType) [with tIntegerType = long int]	16	static
fixedpoint.h:156:14:tIntegerType gemmlowp::MaskIfNonZero(tIntegerType) [with tIntegerType = long int]	16	static
fixedpoint.h:88:14:tIntegerType gemmlowp::BitNot(tIntegerType) [with tIntegerType = long int]	16	static
