limits:1138:7:static constexpr long int std::numeric_limits<long int>::min()	4	static
limits:1141:7:static constexpr long int std::numeric_limits<long int>::max()	4	static
limits:1602:7:static constexpr float std::numeric_limits<float>::max()	4	static
limits:1606:7:static constexpr float std::numeric_limits<float>::lowest()	4	static
fixedpoint.h:329:21:IntegerType gemmlowp::SaturatingRoundingDoublingHighMul(IntegerType, IntegerType) [with IntegerType = long int]	72	static
types.h:137:3:tflite::RuntimeShape::RuntimeShape()	16	static
types.h:156:3:tflite::RuntimeShape::RuntimeShape(int, const int32*)	24	static
types.h:178:3:tflite::RuntimeShape::~RuntimeShape()	16	static
types.h:188:16:int32 tflite::RuntimeShape::DimensionsCount() const	16	static
types.h:189:16:int32 tflite::RuntimeShape::Dims(int) const	16	static
types.h:204:17:int32* tflite::RuntimeShape::DimsData()	16	static
types.h:207:23:const int32* tflite::RuntimeShape::DimsData() const	16	static
types.h:213:15:void tflite::RuntimeShape::Resize(int)	16	static
types.h:231:15:void tflite::RuntimeShape::ReplaceWith(int, const int32*)	32	static
types.h:432:12:int tflite::MatchingDim(const tflite::RuntimeShape&, int, const tflite::RuntimeShape&, int)	32	static
types.h:635:12:int tflite::FlatSizeSkipDim(const tflite::RuntimeShape&, int)	32	static
common.h:53:14:float tflite::ActivationFunctionWithMinMax(float, float, float)	24	static
common.h:148:14:int32 tflite::MultiplyByQuantizedMultiplier(int32, int32, int)	32	static
fully_connected.h:28:13:void tflite::reference_ops::FullyConnected(const tflite::FullyConnectedParams&, const tflite::RuntimeShape&, const float*, const tflite::RuntimeShape&, const float*, const tflite::RuntimeShape&, const float*, const tflite::RuntimeShape&, float*)	80	static
fully_connected.h:64:13:void tflite::reference_ops::FullyConnected(const tflite::FullyConnectedParams&, const tflite::RuntimeShape&, const uint8*, const tflite::RuntimeShape&, const uint8*, const tflite::RuntimeShape&, const int32*, const tflite::RuntimeShape&, uint8*)	96	static
fully_connected.h:112:13:void tflite::reference_ops::FullyConnected(const tflite::FullyConnectedParams&, const tflite::RuntimeShape&, const uint8*, const tflite::RuntimeShape&, const uint8*, const tflite::RuntimeShape&, const int32*, const tflite::RuntimeShape&, int16*)	104	static
fully_connected.h:23:13:void tflite::reference_integer_ops::FullyConnected(const tflite::FullyConnectedParams&, const tflite::RuntimeShape&, const int8_t*, const tflite::RuntimeShape&, const int8_t*, const tflite::RuntimeShape&, const int32*, const tflite::RuntimeShape&, int8_t*)	96	static
tensor_ctypes.h:34:21:tflite::RuntimeShape tflite::GetTensorShape(const TfLiteTensor*)	32	static
gthr-default.h:229:1:int __gthread_key_delete(__gthread_key_t)	16	static
kernel_util.h:31:28:const TfLiteTensor* tflite::GetInput(TfLiteContext*, const TfLiteNode*, int)	32	static
kernel_util.h:45:22:TfLiteTensor* tflite::GetOutput(TfLiteContext*, const TfLiteNode*, int)	32	static
kernel_util.h:77:28:const TfLiteTensor* tflite::GetOptionalInputTensor(TfLiteContext*, const TfLiteNode*, int)	40	static
fully_connected.cc:50:14:TfLiteStatus tflite::ops::micro::fully_connected::{anonymous}::CalculateOpData(TfLiteContext*, TfLiteFullyConnectedParams*, TfLiteType, const TfLiteTensor*, const TfLiteTensor*, const TfLiteTensor*, TfLiteTensor*, tflite::ops::micro::fully_connected::{anonymous}::OpData*)	64	static
fully_connected.cc:73:7:void* tflite::ops::micro::fully_connected::Init(TfLiteContext*, const char*, size_t)	24	static
fully_connected.cc:77:6:void tflite::ops::micro::fully_connected::Free(TfLiteContext*, void*)	16	static
fully_connected.cc:79:14:TfLiteStatus tflite::ops::micro::fully_connected::Prepare(TfLiteContext*, TfLiteNode*)	16	static
fully_connected.cc:83:14:TfLiteStatus tflite::ops::micro::fully_connected::EvalQuantizedInt8(TfLiteContext*, TfLiteNode*, TfLiteFullyConnectedParams*, tflite::ops::micro::fully_connected::{anonymous}::OpData*, const TfLiteTensor*, const TfLiteTensor*, const TfLiteTensor*, TfLiteTensor*)	200	static
fully_connected.cc:106:14:TfLiteStatus tflite::ops::micro::fully_connected::EvalQuantized(TfLiteContext*, TfLiteNode*, TfLiteFullyConnectedParams*, tflite::ops::micro::fully_connected::{anonymous}::OpData*, const TfLiteTensor*, const TfLiteTensor*, const TfLiteTensor*, TfLiteTensor*)	312	static
fully_connected.cc:148:14:TfLiteStatus tflite::ops::micro::fully_connected::EvalFloat(TfLiteContext*, TfLiteNode*, TfLiteFullyConnectedParams*, tflite::ops::micro::fully_connected::{anonymous}::OpData*, const TfLiteTensor*, const TfLiteTensor*, const TfLiteTensor*, TfLiteTensor*)	208	static
fully_connected.cc:166:14:TfLiteStatus tflite::ops::micro::fully_connected::Eval(TfLiteContext*, TfLiteNode*)	80	static
fully_connected.cc:203:21:TfLiteRegistration* tflite::ops::micro::Register_FULLY_CONNECTED()	4	static
stl_algobase.h:219:5:const _Tp& std::max(const _Tp&, const _Tp&) [with _Tp = long int]	16	static
stl_algobase.h:195:5:const _Tp& std::min(const _Tp&, const _Tp&) [with _Tp = long int]	16	static
stl_algobase.h:219:5:const _Tp& std::max(const _Tp&, const _Tp&) [with _Tp = float]	16	static
stl_algobase.h:195:5:const _Tp& std::min(const _Tp&, const _Tp&) [with _Tp = float]	16	static
fixedpoint.h:357:20:IntegerType gemmlowp::RoundingDivideByPOT(IntegerType, int) [with IntegerType = long int]	56	static
base.h:344:24:T flatbuffers::EndianScalar(T) [with T = int]	16	static
tensor_ctypes.h:29:17:const T* tflite::GetTensorData(const TfLiteTensor*) [with T = signed char]	16	static
tensor_ctypes.h:29:17:const T* tflite::GetTensorData(const TfLiteTensor*) [with T = long int]	16	static
tensor_ctypes.h:24:11:T* tflite::GetTensorData(TfLiteTensor*) [with T = signed char]	16	static
tensor_ctypes.h:29:17:const T* tflite::GetTensorData(const TfLiteTensor*) [with T = unsigned char]	16	static
tensor_ctypes.h:24:11:T* tflite::GetTensorData(TfLiteTensor*) [with T = unsigned char]	16	static
tensor_ctypes.h:24:11:T* tflite::GetTensorData(TfLiteTensor*) [with T = short int]	16	static
kernel_util.h:157:6:void tflite::CalculateActivationRange(TfLiteFusedActivation, T*, T*) [with T = float]	24	static
tensor_ctypes.h:29:17:const T* tflite::GetTensorData(const TfLiteTensor*) [with T = float]	16	static
tensor_ctypes.h:24:11:T* tflite::GetTensorData(TfLiteTensor*) [with T = float]	16	static
fixedpoint.h:64:10:tRawType gemmlowp::Dup(typename gemmlowp::FixedPointRawTypeTraits<tRawType>::ScalarRawType) [with tRawType = long int]	16	static
fixedpoint.h:70:14:tIntegerType gemmlowp::BitAnd(tIntegerType, tIntegerType) [with tIntegerType = long int]	16	static
fixedpoint.h:140:14:tIntegerType gemmlowp::ShiftRight(tIntegerType, int) [with tIntegerType = long int]	16	static
fixedpoint.h:199:14:tIntegerType gemmlowp::MaskIfLessThan(tIntegerType, tIntegerType) [with tIntegerType = long int]	16	static
fixedpoint.h:94:14:tIntegerType gemmlowp::Add(tIntegerType, tIntegerType) [with tIntegerType = long int]	16	static
fixedpoint.h:185:14:tIntegerType gemmlowp::MaskIfGreaterThan(tIntegerType, tIntegerType) [with tIntegerType = long int]	16	static
fixedpoint.h:156:14:tIntegerType gemmlowp::MaskIfNonZero(tIntegerType) [with tIntegerType = long int]	16	static
fixedpoint.h:88:14:tIntegerType gemmlowp::BitNot(tIntegerType) [with tIntegerType = long int]	16	static
