instrumentation.h:195:3:ruy::profiler::ScopeLabel::~ScopeLabel()	16	static
limits:1069:7:static constexpr unsigned int std::numeric_limits<unsigned int>::max()	4	static
limits:1602:7:static constexpr float std::numeric_limits<float>::max()	4	static
types.h:137:3:tflite::RuntimeShape::RuntimeShape()	16	static
types.h:156:3:tflite::RuntimeShape::RuntimeShape(int, const int32*)	24	static
types.h:178:3:tflite::RuntimeShape::~RuntimeShape()	16	static
types.h:188:16:int32 tflite::RuntimeShape::DimensionsCount() const	16	static
types.h:189:16:int32 tflite::RuntimeShape::Dims(int) const	16	static
types.h:194:15:void tflite::RuntimeShape::SetDim(int, int32)	24	static
types.h:204:17:int32* tflite::RuntimeShape::DimsData()	16	static
types.h:207:23:const int32* tflite::RuntimeShape::DimsData() const	16	static
types.h:211:23:const int32* tflite::RuntimeShape::DimsDataUpTo5D() const	16	static
types.h:213:15:void tflite::RuntimeShape::Resize(int)	16	static
types.h:231:15:void tflite::RuntimeShape::ReplaceWith(int, const int32*)	32	static
types.h:254:30:static tflite::RuntimeShape tflite::RuntimeShape::ExtendedShape(int, const tflite::RuntimeShape&)	24	static
types.h:280:3:tflite::RuntimeShape::RuntimeShape(int, const tflite::RuntimeShape&, int)	40	static
types.h:324:13:bool tflite::NextIndex(int, const int*, int*)	40	static
types.h:351:15:size_t tflite::ReducedOutputOffset(int, const int*, const int*, int, const int*)	40	static
types.h:379:12:int tflite::Offset(const tflite::RuntimeShape&, int, int, int, int)	32	static
reduce.h:55:13:bool tflite::reference_ops::ResolveAxis(int, const int*, int64_t, int*, int*)	64	static
tensor_ctypes.h:34:21:tflite::RuntimeShape tflite::GetTensorShape(const TfLiteTensor*)	32	static
gthr-default.h:229:1:int __gthread_key_delete(__gthread_key_t)	16	static
kernel_util.h:27:12:int tflite::NumDimensions(const TfLiteTensor*)	16	static
kernel_util.h:65:16:int64_t tflite::NumElements(const TfLiteIntArray*)	32	static
kernel_util.h:73:16:int64_t tflite::NumElements(const TfLiteTensor*)	24	static
reduce.cc:33:14:TfLiteStatus tflite::ops::micro::reduce::PrepareSimple(TfLiteContext*, TfLiteNode*)	48	static
reduce.cc:51:14:TfLiteStatus tflite::ops::micro::reduce::PrepareMeanOrSum(TfLiteContext*, TfLiteNode*)	16	static
reduce.cc:57:6:void tflite::ops::micro::reduce::ResolveAxis(const int*, int, tflite::MeanParams*)	32	static
reduce.cc:69:14:TfLiteStatus tflite::ops::micro::reduce::EvalMean(TfLiteContext*, TfLiteNode*)	192	static
reduce.cc:122:21:TfLiteRegistration* tflite::ops::micro::Register_MEAN()	4	static
instrumentation.h:191:12:) [with Args = {const char*}]	16	static
tensor_ctypes.h:29:17:const T* tflite::GetTensorData(const TfLiteTensor*) [with T = int]	16	static
tensor_ctypes.h:29:17:const T* tflite::GetTensorData(const TfLiteTensor*) [with T = float]	16	static
tensor_ctypes.h:24:11:T* tflite::GetTensorData(TfLiteTensor*) [with T = float]	16	static
reduce.h:206:13:void tflite::reference_ops::Mean(const tflite::MeanParams&, const tflite::RuntimeShape&, const T*, const tflite::RuntimeShape&, T*) [with T = float]	136	static
reduce.h:151:13:bool tflite::reference_ops::Mean(const T*, const int*, int, T*, const int*, int, const int*, int, bool, int*, int*, U*) [with T = float; U = float]	104	static
reduce.h:92:56:tflite::reference_ops::ReduceSumImpl(const In*, const int*, const int*, int, int, const int*, int, int*, Out*) [with In = float; Out = float]::<lambda(float, float)>	32	static
reduce.h:92:56:static float tflite::reference_ops::ReduceSumImpl(const In*, const int*, const int*, int, int, const int*, int, int*, Out*) [with In = float; Out = float]::<lambda(float, float)>::_FUN(float, float)	16	static
reduce.h:92:56:tflite::reference_ops::ReduceSumImpl(const In*, const int*, const int*, int, int, const int*, int, int*, Out*) [with In = float; Out = float]::<lambda(float, float)>::operator float (*)(float, float)() const	16	static
reduce.h:87:13:bool tflite::reference_ops::ReduceSumImpl(const In*, const int*, const int*, int, int, const int*, int, int*, Out*) [with In = float; Out = float]	56	static
reduce.h:31:13:bool tflite::reference_ops::Reduce(const In*, const int*, const int*, int, int, const int*, int, int*, Out (*)(Out, In), Out*) [with In = float; Out = float]	56	static
