gthr-default.h:229:1:int __gthread_key_delete(__gthread_key_t)	16	static
kernel_util.h:31:28:const TfLiteTensor* tflite::GetInput(TfLiteContext*, const TfLiteNode*, int)	32	static
kernel_util.h:45:22:TfLiteTensor* tflite::GetOutput(TfLiteContext*, const TfLiteNode*, int)	32	static
kernel_util.h:59:12:int tflite::NumInputs(const TfLiteNode*)	16	static
kernel_util.h:60:12:int tflite::NumOutputs(const TfLiteNode*)	16	static
kernel_util.h:65:16:int64_t tflite::NumElements(const TfLiteIntArray*)	32	static
kernel_util.h:73:16:int64_t tflite::NumElements(const TfLiteTensor*)	24	static
reshape.cc:30:14:TfLiteStatus tflite::ops::micro::reshape::ReshapeOutput(TfLiteContext*, TfLiteNode*)	72	static
reshape.cc:69:14:TfLiteStatus tflite::ops::micro::reshape::Prepare(TfLiteContext*, TfLiteNode*)	40	static
reshape.cc:76:14:TfLiteStatus tflite::ops::micro::reshape::Eval(TfLiteContext*, TfLiteNode*)	32	static
reshape.cc:92:21:TfLiteRegistration* tflite::ops::micro::Register_RESHAPE()	4	static
base.h:344:24:T flatbuffers::EndianScalar(T) [with T = int]	16	static
