gthr-default.h:229:1:int __gthread_key_delete(__gthread_key_t)	16	static
kernel_util.h:27:12:int tflite::NumDimensions(const TfLiteTensor*)	16	static
kernel_util.h:31:28:const TfLiteTensor* tflite::GetInput(TfLiteContext*, const TfLiteNode*, int)	32	static
kernel_util.h:60:12:int tflite::NumOutputs(const TfLiteNode*)	16	static
kernel_util.h:90:13:bool tflite::IsConstantTensor(const TfLiteTensor*)	16	static
split.cc:26:14:TfLiteStatus tflite::ops::micro::split::Prepare(TfLiteContext*, TfLiteNode*)	16	static
split.cc:72:14:TfLiteStatus tflite::ops::micro::split::Eval(TfLiteContext*, TfLiteNode*)	48	static
split.cc:118:21:TfLiteRegistration* tflite::ops::micro::Register_SPLIT()	4	static
base.h:344:24:T flatbuffers::EndianScalar(T) [with T = int]	16	static
tensor_ctypes.h:29:17:const T* tflite::GetTensorData(const TfLiteTensor*) [with T = long int]	16	static
split.cc:31:14:TfLiteStatus tflite::ops::micro::split::SplitImpl(TfLiteContext*, TfLiteNode*, const TfLiteTensor*, int) [with T = float]	128	static
split.cc:31:14:TfLiteStatus tflite::ops::micro::split::SplitImpl(TfLiteContext*, TfLiteNode*, const TfLiteTensor*, int) [with T = unsigned char]	128	static
split.cc:31:14:TfLiteStatus tflite::ops::micro::split::SplitImpl(TfLiteContext*, TfLiteNode*, const TfLiteTensor*, int) [with T = signed char]	128	static
split.cc:31:14:TfLiteStatus tflite::ops::micro::split::SplitImpl(TfLiteContext*, TfLiteNode*, const TfLiteTensor*, int) [with T = short int]	128	static
split.cc:31:14:TfLiteStatus tflite::ops::micro::split::SplitImpl(TfLiteContext*, TfLiteNode*, const TfLiteTensor*, int) [with T = long int]	128	static
tensor_ctypes.h:29:17:const T* tflite::GetTensorData(const TfLiteTensor*) [with T = float]	16	static
tensor_ctypes.h:24:11:T* tflite::GetTensorData(TfLiteTensor*) [with T = float]	16	static
tensor_ctypes.h:29:17:const T* tflite::GetTensorData(const TfLiteTensor*) [with T = unsigned char]	16	static
tensor_ctypes.h:24:11:T* tflite::GetTensorData(TfLiteTensor*) [with T = unsigned char]	16	static
tensor_ctypes.h:29:17:const T* tflite::GetTensorData(const TfLiteTensor*) [with T = signed char]	16	static
tensor_ctypes.h:24:11:T* tflite::GetTensorData(TfLiteTensor*) [with T = signed char]	16	static
tensor_ctypes.h:29:17:const T* tflite::GetTensorData(const TfLiteTensor*) [with T = short int]	16	static
tensor_ctypes.h:24:11:T* tflite::GetTensorData(TfLiteTensor*) [with T = short int]	16	static
tensor_ctypes.h:24:11:T* tflite::GetTensorData(TfLiteTensor*) [with T = long int]	16	static
