limits:999:7:static constexpr int std::numeric_limits<int>::min()	4	static
limits:1002:7:static constexpr int std::numeric_limits<int>::max()	4	static
limits:1006:7:static constexpr int std::numeric_limits<int>::lowest()	8	static
cmath:165:3:constexpr float std::ceil(float)	16	static
types.h:137:3:tflite::RuntimeShape::RuntimeShape()	16	static
types.h:156:3:tflite::RuntimeShape::RuntimeShape(int, const int32*)	24	static
types.h:178:3:tflite::RuntimeShape::~RuntimeShape()	16	static
types.h:188:16:int32 tflite::RuntimeShape::DimensionsCount() const	16	static
types.h:189:16:int32 tflite::RuntimeShape::Dims(int) const	16	static
types.h:194:15:void tflite::RuntimeShape::SetDim(int, int32)	24	static
types.h:204:17:int32* tflite::RuntimeShape::DimsData()	16	static
types.h:207:23:const int32* tflite::RuntimeShape::DimsData() const	16	static
types.h:213:15:void tflite::RuntimeShape::Resize(int)	16	static
types.h:231:15:void tflite::RuntimeShape::ReplaceWith(int, const int32*)	32	static
types.h:254:30:static tflite::RuntimeShape tflite::RuntimeShape::ExtendedShape(int, const tflite::RuntimeShape&)	24	static
types.h:280:3:tflite::RuntimeShape::RuntimeShape(int, const tflite::RuntimeShape&, int)	40	static
strided_slice_logic.h:28:12:int tflite::strided_slice::Clamp(int, int, int)	24	static
strided_slice_logic.h:35:13:void tflite::strided_slice::StridedSlicePadIndices(tflite::StridedSliceParams*, int)	32	static
strided_slice_logic.h:74:12:int tflite::strided_slice::StartForAxis(const tflite::StridedSliceParams&, const tflite::RuntimeShape&, int)	48	static
strided_slice_logic.h:112:12:int tflite::strided_slice::StopForAxis(const tflite::StridedSliceParams&, const tflite::RuntimeShape&, int, int)	48	static
strided_slice_logic.h:164:13:bool tflite::strided_slice::LoopCondition(int, int, int)	24	static
tensor_ctypes.h:34:21:tflite::RuntimeShape tflite::GetTensorShape(const TfLiteTensor*)	32	static
gthr-default.h:229:1:int __gthread_key_delete(__gthread_key_t)	16	static
kernel_util.h:27:12:int tflite::NumDimensions(const TfLiteTensor*)	16	static
kernel_util.h:31:28:const TfLiteTensor* tflite::GetInput(TfLiteContext*, const TfLiteNode*, int)	32	static
kernel_util.h:45:22:TfLiteTensor* tflite::GetOutput(TfLiteContext*, const TfLiteNode*, int)	32	static
kernel_util.h:59:12:int tflite::NumInputs(const TfLiteNode*)	16	static
kernel_util.h:60:12:int tflite::NumOutputs(const TfLiteNode*)	16	static
strided_slice.cc:42:3:tflite::ops::micro::strided_slice::StridedSliceContext::StridedSliceContext(TfLiteContext*, TfLiteNode*)	24	static
strided_slice.cc:64:28:tflite::StridedSliceParams tflite::ops::micro::strided_slice::BuildStridedSliceParams(tflite::ops::micro::strided_slice::StridedSliceContext*)	24	static
strided_slice.cc:88:14:TfLiteStatus tflite::ops::micro::strided_slice::CheckOutputSize(TfLiteContext*, tflite::ops::micro::strided_slice::StridedSliceContext*)	184	static
strided_slice.cc:123:14:TfLiteStatus tflite::ops::micro::strided_slice::Prepare(TfLiteContext*, TfLiteNode*)	72	static
strided_slice.cc:171:21:TfLiteRegistration* tflite::ops::micro::Register_STRIDED_SLICE()	4	static
base.h:344:24:T flatbuffers::EndianScalar(T) [with T = int]	16	static
tensor_ctypes.h:29:17:const T* tflite::GetTensorData(const TfLiteTensor*) [with T = long int]	16	static
strided_slice.cc:133:14:TfLiteStatus tflite::ops::micro::strided_slice::Eval(TfLiteContext*, TfLiteNode*) [with tflite::ops::micro::strided_slice::KernelType kernel_type = (tflite::ops::micro::strided_slice::KernelType)0]	288	static
tensor_ctypes.h:29:17:const T* tflite::GetTensorData(const TfLiteTensor*) [with T = float]	16	static
tensor_ctypes.h:24:11:T* tflite::GetTensorData(TfLiteTensor*) [with T = float]	16	static
strided_slice.h:25:13:void tflite::reference_ops::StridedSlice(const tflite::StridedSliceParams&, const tflite::RuntimeShape&, const T*, const tflite::RuntimeShape&, T*) [with T = float]	264	static
tensor_ctypes.h:29:17:const T* tflite::GetTensorData(const TfLiteTensor*) [with T = unsigned char]	16	static
tensor_ctypes.h:24:11:T* tflite::GetTensorData(TfLiteTensor*) [with T = unsigned char]	16	static
strided_slice.h:25:13:void tflite::reference_ops::StridedSlice(const tflite::StridedSliceParams&, const tflite::RuntimeShape&, const T*, const tflite::RuntimeShape&, T*) [with T = unsigned char]	264	static
tensor_ctypes.h:29:17:const T* tflite::GetTensorData(const TfLiteTensor*) [with T = signed char]	16	static
tensor_ctypes.h:24:11:T* tflite::GetTensorData(TfLiteTensor*) [with T = signed char]	16	static
strided_slice.h:25:13:void tflite::reference_ops::StridedSlice(const tflite::StridedSliceParams&, const tflite::RuntimeShape&, const T*, const tflite::RuntimeShape&, T*) [with T = signed char]	264	static
