cmath:222:3:constexpr float std::exp(float)	16	static
cmath:501:3:constexpr float std::tanh(float)	16	static
cmath:661:3:constexpr bool std::signbit(float)	16	static
cmath:1418:3:constexpr float std::fmax(float, float)	16	static
cmath:1438:3:constexpr float std::fmin(float, float)	16	static
limits:1138:7:static constexpr long int std::numeric_limits<long int>::min()	4	static
limits:1141:7:static constexpr long int std::numeric_limits<long int>::max()	4	static
fixedpoint.h:329:21:IntegerType gemmlowp::SaturatingRoundingDoublingHighMul(IntegerType, IntegerType) [with IntegerType = long int]	72	static
common.h:148:14:int32 tflite::MultiplyByQuantizedMultiplier(int32, int32, int)	32	static
gthr-default.h:229:1:int __gthread_key_delete(__gthread_key_t)	16	static
kernel_util.h:27:12:int tflite::NumDimensions(const TfLiteTensor*)	16	static
kernel_util.h:31:28:const TfLiteTensor* tflite::GetInput(TfLiteContext*, const TfLiteNode*, int)	32	static
kernel_util.h:39:22:TfLiteTensor* tflite::GetVariableInput(TfLiteContext*, const TfLiteNode*, int)	40	static
kernel_util.h:45:22:TfLiteTensor* tflite::GetOutput(TfLiteContext*, const TfLiteNode*, int)	32	static
kernel_util.h:77:28:const TfLiteTensor* tflite::GetOptionalInputTensor(TfLiteContext*, const TfLiteNode*, int)	40	static
activation_utils.h:28:14:float tflite::ops::micro::ActivationValFloat(TfLiteFusedActivation, float)	16	static
svdf.cc:58:20:void tflite::ops::micro::svdf::{anonymous}::ApplyTimeWeightsBiasAndActivation(int, int, int, int, int, const float*, const float*, TfLiteFusedActivation, float*, float*, float*)	104	static
svdf.cc:119:13:void tflite::ops::micro::svdf::{anonymous}::EvalFloatSVDF(TfLiteContext*, TfLiteNode*, const TfLiteTensor*, const TfLiteTensor*, const TfLiteTensor*, const TfLiteTensor*, const TfLiteSVDFParams*, TfLiteTensor*, TfLiteTensor*, TfLiteTensor*)	176	static
svdf.cc:190:6:void tflite::ops::micro::svdf::{anonymous}::EvalIntegerSVDF(TfLiteContext*, TfLiteNode*, const TfLiteTensor*, const TfLiteTensor*, const TfLiteTensor*, const TfLiteTensor*, const TfLiteSVDFParams*, TfLiteTensor*, TfLiteTensor*, int32_t, int, int32_t, int, int32_t, int32_t)	744	static
svdf.cc:340:7:void* tflite::ops::micro::svdf::Init(TfLiteContext*, const char*, size_t)	24	static
svdf.cc:344:6:void tflite::ops::micro::svdf::Free(TfLiteContext*, void*)	16	static
svdf.cc:346:14:TfLiteStatus tflite::ops::micro::svdf::Prepare(TfLiteContext*, TfLiteNode*)	104	static
svdf.cc:467:14:TfLiteStatus tflite::ops::micro::svdf::Eval(TfLiteContext*, TfLiteNode*)	160	static
svdf.cc:545:21:TfLiteRegistration* tflite::ops::micro::Register_SVDF()	4	static
stl_algobase.h:219:5:const _Tp& std::max(const _Tp&, const _Tp&) [with _Tp = long int]	16	static
stl_algobase.h:195:5:const _Tp& std::min(const _Tp&, const _Tp&) [with _Tp = long int]	16	static
fixedpoint.h:357:20:IntegerType gemmlowp::RoundingDivideByPOT(IntegerType, int) [with IntegerType = long int]	56	static
base.h:344:24:T flatbuffers::EndianScalar(T) [with T = int]	16	static
tensor_ctypes.h:29:17:const T* tflite::GetTensorData(const TfLiteTensor*) [with T = float]	16	static
tensor_ctypes.h:24:11:T* tflite::GetTensorData(TfLiteTensor*) [with T = float]	16	static
tensor_ctypes.h:24:11:T* tflite::GetTensorData(TfLiteTensor*) [with T = short int]	16	static
tensor_ctypes.h:29:17:const T* tflite::GetTensorData(const TfLiteTensor*) [with T = signed char]	16	static
tensor_ctypes.h:29:17:const T* tflite::GetTensorData(const TfLiteTensor*) [with T = short int]	16	static
tensor_ctypes.h:29:17:const T* tflite::GetTensorData(const TfLiteTensor*) [with T = long int]	16	static
tensor_ctypes.h:24:11:T* tflite::GetTensorData(TfLiteTensor*) [with T = signed char]	16	static
fixedpoint.h:64:10:tRawType gemmlowp::Dup(typename gemmlowp::FixedPointRawTypeTraits<tRawType>::ScalarRawType) [with tRawType = long int]	16	static
fixedpoint.h:70:14:tIntegerType gemmlowp::BitAnd(tIntegerType, tIntegerType) [with tIntegerType = long int]	16	static
fixedpoint.h:140:14:tIntegerType gemmlowp::ShiftRight(tIntegerType, int) [with tIntegerType = long int]	16	static
fixedpoint.h:199:14:tIntegerType gemmlowp::MaskIfLessThan(tIntegerType, tIntegerType) [with tIntegerType = long int]	16	static
fixedpoint.h:94:14:tIntegerType gemmlowp::Add(tIntegerType, tIntegerType) [with tIntegerType = long int]	16	static
fixedpoint.h:185:14:tIntegerType gemmlowp::MaskIfGreaterThan(tIntegerType, tIntegerType) [with tIntegerType = long int]	16	static
fixedpoint.h:156:14:tIntegerType gemmlowp::MaskIfNonZero(tIntegerType) [with tIntegerType = long int]	16	static
fixedpoint.h:88:14:tIntegerType gemmlowp::BitNot(tIntegerType) [with tIntegerType = long int]	16	static
