core_cm7.h:1902:22:__NVIC_EnableIRQ	16	static
fsl_clock.h:781:20:CLOCK_ControlGate	32	static
fsl_clock.h:798:20:CLOCK_EnableClock	16	static
fsl_clock.h:808:20:CLOCK_DisableClock	16	static
fsl_common.h:442:28:EnableIRQ	16	static
fsl_lpi2c.h:491:20:LPI2C_MasterReset	16	static
fsl_lpi2c.h:503:20:LPI2C_MasterEnable	16	static
fsl_lpi2c.h:525:24:LPI2C_MasterGetStatusFlags	16	static
fsl_lpi2c.h:550:20:LPI2C_MasterClearStatusFlags	16	static
fsl_lpi2c.h:570:20:LPI2C_MasterEnableInterrupts	16	static
fsl_lpi2c.h:585:20:LPI2C_MasterDisableInterrupts	16	static
fsl_lpi2c.h:597:24:LPI2C_MasterGetEnabledInterrupts	16	static
fsl_lpi2c.h:657:20:LPI2C_MasterSetWatermarks	24	static
fsl_lpi2c.h:671:20:LPI2C_MasterGetFifoCounts	24	static
fsl_lpi2c.h:974:20:LPI2C_SlaveReset	16	static
fsl_lpi2c.h:1008:24:LPI2C_SlaveGetStatusFlags	16	static
fsl_lpi2c.h:1030:20:LPI2C_SlaveClearStatusFlags	16	static
fsl_lpi2c.h:1050:20:LPI2C_SlaveEnableInterrupts	16	static
fsl_lpi2c.h:1065:20:LPI2C_SlaveDisableInterrupts	16	static
fsl_lpi2c.c:157:10:LPI2C_GetInstance	24	static
fsl_lpi2c.c:179:17:LPI2C_GetCyclesForWidth	32	static
fsl_lpi2c.c:217:10:LPI2C_MasterCheckAndClearError	24	static
fsl_lpi2c.c:271:17:LPI2C_MasterWaitForTxReady	32	static
fsl_lpi2c.c:319:10:LPI2C_CheckForBusyBus	24	static
fsl_lpi2c.c:356:6:LPI2C_MasterGetDefaultConfig	16	static
fsl_lpi2c.c:389:6:LPI2C_MasterInit	48	static
fsl_lpi2c.c:477:6:LPI2C_MasterDeinit	24	static
fsl_lpi2c.c:502:6:LPI2C_MasterConfigureDataMatch	24	static
fsl_lpi2c.c:533:6:LPI2C_MasterSetBaudRate	64	static
fsl_lpi2c.c:634:10:LPI2C_MasterStart	24	static
fsl_lpi2c.c:675:10:LPI2C_MasterStop	24	static
fsl_lpi2c.c:736:10:LPI2C_MasterReceive	40	static
fsl_lpi2c.c:814:10:LPI2C_MasterSend	32	static
fsl_lpi2c.c:852:10:LPI2C_MasterTransferBlocking	48	static
fsl_lpi2c.c:963:6:LPI2C_MasterTransferCreateHandle	32	static
fsl_lpi2c.c:1007:17:LPI2C_RunTransferStateMachine	56	static
fsl_lpi2c.c:1180:13:LPI2C_InitTransferStateMachine	40	static
fsl_lpi2c.c:1256:10:LPI2C_MasterTransferNonBlocking	40	static
fsl_lpi2c.c:1308:10:LPI2C_MasterTransferGetCount	40	static
fsl_lpi2c.c:1372:6:LPI2C_MasterTransferAbort	16	static
fsl_lpi2c.c:1397:6:LPI2C_MasterTransferHandleIRQ	32	static
fsl_lpi2c.c:1466:6:LPI2C_SlaveGetDefaultConfig	16	static
fsl_lpi2c.c:1502:6:LPI2C_SlaveInit	32	static
fsl_lpi2c.c:1558:6:LPI2C_SlaveDeinit	24	static
fsl_lpi2c.c:1585:17:LPI2C_SlaveCheckAndClearError	24	static
fsl_lpi2c.c:1625:10:LPI2C_SlaveSend	40	static
fsl_lpi2c.c:1706:10:LPI2C_SlaveReceive	40	static
fsl_lpi2c.c:1794:6:LPI2C_SlaveTransferCreateHandle	32	static
fsl_lpi2c.c:1851:10:LPI2C_SlaveTransferNonBlocking	32	static
fsl_lpi2c.c:1903:10:LPI2C_SlaveTransferGetCount	24	static
fsl_lpi2c.c:1933:6:LPI2C_SlaveTransferAbort	16	static
fsl_lpi2c.c:1961:6:LPI2C_SlaveTransferHandleIRQ	24	static
fsl_lpi2c.c:2114:13:LPI2C_CommonIRQHandler	16	static
fsl_lpi2c.c:2147:6:LPI2C1_DriverIRQHandler	8	static
fsl_lpi2c.c:2155:6:LPI2C2_DriverIRQHandler	8	static
