core_cm7.h:1902:22:__NVIC_EnableIRQ	16	static
fsl_clock.h:781:20:CLOCK_ControlGate	32	static
fsl_clock.h:798:20:CLOCK_EnableClock	16	static
fsl_clock.h:808:20:CLOCK_DisableClock	16	static
fsl_common.h:442:28:EnableIRQ	16	static
fsl_sai.h:873:20:SAI_TxClearStatusFlags	16	static
fsl_sai.h:898:20:SAI_RxClearStatusFlags	16	static
fsl_sai.h:1023:20:SAI_TxSetFIFOErrorContinue	16	static
fsl_sai.h:1044:20:SAI_RxSetFIFOErrorContinue	16	static
fsl_sai.h:1076:20:SAI_TxEnableInterrupts	16	static
fsl_sai.h:1093:20:SAI_RxEnableInterrupts	16	static
fsl_sai.h:1110:20:SAI_TxDisableInterrupts	16	static
fsl_sai.h:1127:20:SAI_RxDisableInterrupts	16	static
fsl_sai.c:210:17:SAI_GetInstance	24	static
fsl_sai.c:228:13:SAI_WriteNonBlocking	48	static
fsl_sai.c:261:13:SAI_ReadNonBlocking	40	static
fsl_sai.c:291:13:SAI_GetCommonConfig	24	static
fsl_sai.c:360:6:SAI_TxInit	24	static
fsl_sai.c:490:6:SAI_RxInit	24	static
fsl_sai.c:611:6:SAI_Init	16	static
fsl_sai.c:627:6:SAI_Deinit	16	static
fsl_sai.c:653:6:SAI_TxGetDefaultConfig	16	static
fsl_sai.c:687:6:SAI_RxGetDefaultConfig	16	static
fsl_sai.c:711:6:SAI_TxReset	16	static
fsl_sai.c:734:6:SAI_RxReset	16	static
fsl_sai.c:756:6:SAI_TxEnable	16	static
fsl_sai.c:786:6:SAI_RxEnable	16	static
fsl_sai.c:820:6:SAI_TxSoftwareReset	16	static
fsl_sai.c:839:6:SAI_RxSoftwareReset	16	static
fsl_sai.c:854:6:SAI_TxSetChannelFIFOMask	16	static
fsl_sai.c:867:6:SAI_RxSetChannelFIFOMask	16	static
fsl_sai.c:879:6:SAI_TxSetDataOrder	24	static
fsl_sai.c:893:6:SAI_RxSetDataOrder	24	static
fsl_sai.c:907:6:SAI_TxSetBitClockPolarity	24	static
fsl_sai.c:921:6:SAI_RxSetBitClockPolarity	24	static
fsl_sai.c:935:6:SAI_TxSetFrameSyncPolarity	24	static
fsl_sai.c:949:6:SAI_RxSetFrameSyncPolarity	24	static
fsl_sai.c:964:6:SAI_TxSetFIFOPacking	24	static
fsl_sai.c:979:6:SAI_RxSetFIFOPacking	24	static
fsl_sai.c:998:6:SAI_TxSetBitClockRate	40	static
fsl_sai.c:1045:6:SAI_RxSetBitClockRate	40	static
fsl_sai.c:1090:6:SAI_TxSetBitclockConfig	32	static
fsl_sai.c:1117:6:SAI_RxSetBitclockConfig	32	static
fsl_sai.c:1179:6:SAI_TxSetFifoConfig	24	static
fsl_sai.c:1221:6:SAI_RxSetFifoConfig	24	static
fsl_sai.c:1258:6:SAI_TxSetFrameSyncConfig	32	static
fsl_sai.c:1292:6:SAI_RxSetFrameSyncConfig	32	static
fsl_sai.c:1325:6:SAI_TxSetSerialDataConfig	24	static
fsl_sai.c:1359:6:SAI_RxSetSerialDataConfig	24	static
fsl_sai.c:1381:6:SAI_TxSetConfig	32	static
fsl_sai.c:1477:6:SAI_TransferTxSetConfig	24	static
fsl_sai.c:1503:6:SAI_RxSetConfig	32	static
fsl_sai.c:1600:6:SAI_TransferRxSetConfig	24	static
fsl_sai.c:1628:6:SAI_GetClassicI2SConfig	24	static
fsl_sai.c:1644:6:SAI_GetLeftJustifiedConfig	24	static
fsl_sai.c:1666:6:SAI_GetRightJustifiedConfig	24	static
fsl_sai.c:1688:6:SAI_GetDSPConfig	16	static
fsl_sai.c:1721:6:SAI_GetTDMConfig	24	static
fsl_sai.c:1764:6:SAI_TxSetFormat	48	static
fsl_sai.c:1904:6:SAI_RxSetFormat	48	static
fsl_sai.c:2041:6:SAI_WriteBlocking	48	static
fsl_sai.c:2079:6:SAI_WriteMultiChannelBlocking	64	static
fsl_sai.c:2134:6:SAI_ReadMultiChannelBlocking	64	static
fsl_sai.c:2181:6:SAI_ReadBlocking	48	static
fsl_sai.c:2213:6:SAI_TransferTxCreateHandle	24	static
fsl_sai.c:2244:6:SAI_TransferRxCreateHandle	24	static
fsl_sai.c:2280:10:SAI_TransferTxSetFormat	24	static
fsl_sai.c:2330:10:SAI_TransferRxSetFormat	24	static
fsl_sai.c:2379:10:SAI_TransferSendNonBlocking	24	static
fsl_sai.c:2427:10:SAI_TransferReceiveNonBlocking	24	static
fsl_sai.c:2469:10:SAI_TransferGetSendCount	32	static
fsl_sai.c:2496:10:SAI_TransferGetReceiveCount	32	static
fsl_sai.c:2523:6:SAI_TransferAbortSend	16	static
fsl_sai.c:2553:6:SAI_TransferAbortReceive	16	static
fsl_sai.c:2583:6:SAI_TransferTerminateSend	16	static
fsl_sai.c:2606:6:SAI_TransferTerminateReceive	16	static
fsl_sai.c:2626:6:SAI_TransferTxHandleIRQ	48	static
fsl_sai.c:2703:6:SAI_TransferRxHandleIRQ	48	static
fsl_sai.c:3634:6:SAI1_DriverIRQHandler	8	static
fsl_sai.c:3696:6:SAI3_DriverIRQHandler	8	static
fsl_sai.c:3725:6:SAI3_TX_DriverIRQHandler	8	static
fsl_sai.c:3736:6:SAI3_RX_DriverIRQHandler	8	static
