core_cm7.h:1902:22:__NVIC_EnableIRQ	16	static
fsl_clock.h:781:20:CLOCK_ControlGate	32	static
fsl_clock.h:798:20:CLOCK_EnableClock	16	static
fsl_clock.h:808:20:CLOCK_DisableClock	16	static
fsl_common.h:442:28:EnableIRQ	16	static
fsl_lpuart.h:275:20:LPUART_SoftwareReset	16	static
fsl_lpuart.c:109:10:LPUART_GetInstance	24	static
fsl_lpuart.c:133:8:LPUART_TransferGetRxRingBufferLength	32	static
fsl_lpuart.c:154:13:LPUART_TransferIsRxRingBufferFull	24	static
fsl_lpuart.c:171:13:LPUART_WriteNonBlocking	32	static
fsl_lpuart.c:185:13:LPUART_ReadNonBlocking	40	static
fsl_lpuart.c:240:10:LPUART_Init	56	static
fsl_lpuart.c:459:6:LPUART_Deinit	24	static
fsl_lpuart.c:523:6:LPUART_GetDefaultConfig	16	static
fsl_lpuart.c:568:10:LPUART_SetBaudRate	56	static
fsl_lpuart.c:668:6:LPUART_EnableInterrupts	16	static
fsl_lpuart.c:692:6:LPUART_DisableInterrupts	16	static
fsl_lpuart.c:723:10:LPUART_GetEnabledInterrupts	24	static
fsl_lpuart.c:752:10:LPUART_GetStatusFlags	24	static
fsl_lpuart.c:783:10:LPUART_ClearStatusFlags	24	static
fsl_lpuart.c:834:6:LPUART_WriteBlocking	32	static
fsl_lpuart.c:871:10:LPUART_ReadBlocking	48	static
fsl_lpuart.c:974:6:LPUART_TransferCreateHandle	40	static
fsl_lpuart.c:1040:6:LPUART_TransferStartRingBuffer	24	static
fsl_lpuart.c:1067:6:LPUART_TransferStopRingBuffer	16	static
fsl_lpuart.c:1102:10:LPUART_TransferSendNonBlocking	32	static
fsl_lpuart.c:1141:6:LPUART_TransferAbortSend	16	static
fsl_lpuart.c:1165:10:LPUART_TransferGetSendCount	32	static
fsl_lpuart.c:1211:10:LPUART_TransferReceiveNonBlocking	56	static
fsl_lpuart.c:1338:6:LPUART_TransferAbortReceive	16	static
fsl_lpuart.c:1367:10:LPUART_TransferGetReceiveCount	32	static
fsl_lpuart.c:1395:6:LPUART_TransferHandleIRQ	48	static
fsl_lpuart.c:1633:6:LPUART_TransferHandleErrorIRQ	16	static
fsl_lpuart.c:1791:6:LPUART1_DriverIRQHandler	8	static
fsl_lpuart.c:1825:6:LPUART2_DriverIRQHandler	8	static
fsl_lpuart.c:1858:6:LPUART3_DriverIRQHandler	8	static
fsl_lpuart.c:1891:6:LPUART4_DriverIRQHandler	8	static
