fsl_sai.h:1148:20:SAI_TxEnableDMA	24	static
fsl_sai.h:1169:20:SAI_RxEnableDMA	24	static
fsl_sai.h:1190:24:SAI_TxGetDataRegisterAddress	16	static
fsl_sai.h:1204:24:SAI_RxGetDataRegisterAddress	16	static
fsl_sai_edma.c:73:17:SAI_GetInstance	24	static
fsl_sai_edma.c:91:13:SAI_TxEDMACallback	40	static
fsl_sai_edma.c:113:13:SAI_RxEDMACallback	40	static
fsl_sai_edma.c:148:6:SAI_TransferTxCreateHandleEDMA	32	static
fsl_sai_edma.c:189:6:SAI_TransferRxCreateHandleEDMA	32	static
fsl_sai_edma.c:232:6:SAI_TransferTxSetFormatEDMA	24	static
fsl_sai_edma.c:273:6:SAI_TransferTxSetConfigEDMA	24	static
fsl_sai_edma.c:316:6:SAI_TransferRxSetFormatEDMA	24	static
fsl_sai_edma.c:357:6:SAI_TransferRxSetConfigEDMA	24	static
fsl_sai_edma.c:399:10:SAI_TransferSendEDMA	88	static
fsl_sai_edma.c:463:10:SAI_TransferReceiveEDMA	88	static
fsl_sai_edma.c:523:6:SAI_TransferAbortSendEDMA	16	static
fsl_sai_edma.c:560:6:SAI_TransferAbortReceiveEDMA	16	static
fsl_sai_edma.c:597:6:SAI_TransferTerminateSendEDMA	16	static
fsl_sai_edma.c:621:6:SAI_TransferTerminateReceiveEDMA	16	static
fsl_sai_edma.c:645:10:SAI_TransferGetSendCountEDMA	40	static
fsl_sai_edma.c:674:10:SAI_TransferGetReceiveCountEDMA	40	static
