std_abs.h:74:3:constexpr float std::abs(float)	16	static
limits:1002:7:static constexpr int std::numeric_limits<int>::max()	4	static
limits:1141:7:static constexpr long int std::numeric_limits<long int>::max()	4	static
limits:1278:7:static constexpr long long int std::numeric_limits<long long int>::min()	8	static
limits:1281:7:static constexpr long long int std::numeric_limits<long long int>::max()	8	static
limits:1715:7:static constexpr double std::numeric_limits<double>::infinity()	8	static
limits:1718:7:static constexpr double std::numeric_limits<double>::quiet_NaN()	8	static
cmath:338:3:constexpr float std::log(float)	16	static
cmath:1756:3:constexpr float std::round(float)	16	static
quantization_util.cc:52:6:void tflite::QuantizeMultiplier(double, int32_t*, int*)	48	static
quantization_util.cc:92:6:void tflite::QuantizeMultiplierGreaterThanOne(double, int32_t*, int*)	24	static
quantization_util.cc:100:6:void tflite::QuantizeMultiplierSmallerThanOneExp(double, int32_t*, int*)	32	static
quantization_util.cc:111:9:int64_t tflite::IntegerFrExp(double, int*)	112	static
quantization_util.cc:177:8:double tflite::DoubleFromFractionAndShift(int64_t, int)	136	static
quantization_util.cc:224:8:double tflite::IntegerDoubleMultiply(double, double)	72	static
quantization_util.cc:239:5:int tflite::IntegerDoubleCompare(double, double)	56	static
quantization_util.cc:268:6:void tflite::PreprocessSoftmaxScaling(double, double, int, int32_t*, int*)	72	static
quantization_util.cc:299:6:void tflite::PreprocessLogSoftmaxScalingExp(double, double, int, int32_t*, int*, int32_t*, int*)	56	static
quantization_util.cc:316:5:int tflite::CalculateInputRadius(int, int, int)	64	static
quantization_util.cc:335:6:void tflite::NudgeQuantizationRange(float, float, int, int, float*, float*, float*)	48	static
quantization_util.cc:356:6:void tflite::FakeQuantizeArray(float, float, float, const float*, float*, float)	56	static
quantization_util.cc:373:6:bool tflite::CheckedLog2(float, int*)	40	static
quantization_util.cc:385:6:void tflite::QuantizeMultiplierArray(const double*, size_t, int32_t*, int*)	32	static
round.h:33:10:T tflite::TfLiteRound(T) [with T = double]	16	static
stl_algobase.h:195:5:const _Tp& std::min(const _Tp&, const _Tp&) [with _Tp = double]	24	static
round.h:33:10:T tflite::TfLiteRound(T) [with T = float]	16	static
stl_algobase.h:219:5:const _Tp& std::max(const _Tp&, const _Tp&) [with _Tp = float]	16	static
stl_algobase.h:195:5:const _Tp& std::min(const _Tp&, const _Tp&) [with _Tp = float]	16	static
