gthr-default.h:229:1:int __gthread_key_delete(__gthread_key_t)	16	static
flatbuffers.h:2251:18:const uint8_t* flatbuffers::Table::GetVTable() const	24	static
flatbuffers.h:2257:13:flatbuffers::voffset_t flatbuffers::Table::GetOptionalFieldOffset(flatbuffers::voffset_t) const	24	static
schema_generated.h:3558:39:const flatbuffers::Vector<long int>* tflite::Tensor::shape() const	16	static
schema_generated.h:3561:14:tflite::TensorType tflite::Tensor::type() const	16	static
memory_helpers.cc:24:10:uint8_t* tflite::AlignPointerUp(uint8_t*, size_t)	24	static
memory_helpers.cc:31:10:uint8_t* tflite::AlignPointerDown(uint8_t*, size_t)	24	static
memory_helpers.cc:38:8:size_t tflite::AlignSizeUp(size_t, size_t)	24	static
memory_helpers.cc:43:14:TfLiteStatus tflite::TfLiteTypeSizeOf(TfLiteType, size_t*, tflite::ErrorReporter*)	24	static
memory_helpers.cc:78:14:TfLiteStatus tflite::BytesRequiredForTensor(const tflite::Tensor&, size_t*, size_t*, tflite::ErrorReporter*)	40	static
base.h:344:24:T flatbuffers::EndianScalar(T) [with T = long unsigned int]	16	static
base.h:355:3:T flatbuffers::ReadScalar(const void*) [with T = short unsigned int]	16	static
base.h:355:3:T flatbuffers::ReadScalar(const void*) [with T = long unsigned int]	16	static
base.h:355:3:T flatbuffers::ReadScalar(const void*) [with T = long int]	16	static
flatbuffers.h:2278:26:P flatbuffers::Table::GetPointer(flatbuffers::voffset_t) const [with P = const flatbuffers::Vector<long int>*]	16	static
flatbuffers.h:2267:26:T flatbuffers::Table::GetField(flatbuffers::voffset_t, T) const [with T = signed char]	24	static
flatbuffers.h:227:13:flatbuffers::uoffset_t flatbuffers::Vector<T>::size() const [with T = long int]	16	static
flatbuffers.h:236:15:flatbuffers::Vector<T>::return_type flatbuffers::Vector<T>::Get(flatbuffers::uoffset_t) const [with T = long int]	16	static
flatbuffers.h:231:13:flatbuffers::uoffset_t flatbuffers::Vector<T>::Length() const [with T = long int]	16	static
base.h:344:24:T flatbuffers::EndianScalar(T) [with T = long int]	16	static
base.h:344:24:T flatbuffers::EndianScalar(T) [with T = short unsigned int]	16	static
flatbuffers.h:2272:26:P flatbuffers::Table::GetPointer(flatbuffers::voffset_t) [with P = const flatbuffers::Vector<long int>*]	24	static
base.h:355:3:T flatbuffers::ReadScalar(const void*) [with T = signed char]	16	static
flatbuffers.h:85:22:static flatbuffers::IndirectHelper<T>::return_type flatbuffers::IndirectHelper<T>::Read(const uint8_t*, flatbuffers::uoffset_t) [with T = long int]	16	static
flatbuffers.h:310:18:const uint8_t* flatbuffers::Vector<T>::Data() const [with T = long int]	16	static
base.h:344:24:T flatbuffers::EndianScalar(T) [with T = signed char]	16	static
