gthr-default.h:229:1:int __gthread_key_delete(__gthread_key_t)	16	static
flatbuffers.h:2251:18:const uint8_t* flatbuffers::Table::GetVTable() const	24	static
flatbuffers.h:2257:13:flatbuffers::voffset_t flatbuffers::Table::GetOptionalFieldOffset(flatbuffers::voffset_t) const	24	static
schema_generated.h:910:28:const char* const* tflite::EnumNamesBuiltinOperator()	4	static
schema_generated.h:1043:20:const char* tflite::EnumNameBuiltinOperator(tflite::BuiltinOperator)	24	static
schema_generated.h:10099:59:const flatbuffers::Vector<flatbuffers::Offset<tflite::Tensor> >* tflite::SubGraph::tensors() const	16	static
schema_generated.h:10102:39:const flatbuffers::Vector<long int>* tflite::SubGraph::inputs() const	16	static
schema_generated.h:10105:39:const flatbuffers::Vector<long int>* tflite::SubGraph::outputs() const	16	static
schema_generated.h:10108:61:const flatbuffers::Vector<flatbuffers::Offset<tflite::Operator> >* tflite::SubGraph::operators() const	16	static
schema_generated.h:10376:61:const flatbuffers::Vector<flatbuffers::Offset<tflite::SubGraph> >* tflite::Model::subgraphs() const	16	static
micro_interpreter.h:53:10:size_t tflite::MicroInterpreter::tensors_size() const	16	static
micro_interpreter.h:102:18:tflite::ErrorReporter* tflite::MicroInterpreter::error_reporter()	16	static
micro_interpreter.cc:26:13:const char* tflite::{anonymous}::OpNameFromRegistration(const TfLiteRegistration*)	16	static
micro_interpreter.cc:34:6:)	28	static
micro_interpreter.cc:45:1:tflite::MicroInterpreter::MicroInterpreter(const tflite::Model*, const tflite::OpResolver&, uint8_t*, size_t, tflite::ErrorReporter*)	40	static
micro_interpreter.cc:88:1:tflite::MicroInterpreter::~MicroInterpreter()	32	static
micro_interpreter.cc:103:6:void tflite::MicroInterpreter::CorrectTensorEndianness(TfLiteTensor*)	24	static
micro_interpreter.cc:140:14:TfLiteStatus tflite::MicroInterpreter::AllocateTensors()	72	static
micro_interpreter.cc:183:14:TfLiteStatus tflite::MicroInterpreter::Invoke()	48	static
micro_interpreter.cc:216:15:TfLiteTensor* tflite::MicroInterpreter::input(size_t)	32	static
micro_interpreter.cc:228:15:TfLiteTensor* tflite::MicroInterpreter::output(size_t)	32	static
micro_interpreter.cc:240:15:TfLiteTensor* tflite::MicroInterpreter::tensor(size_t)	24	static
micro_interpreter.cc:251:14:TfLiteStatus tflite::MicroInterpreter::ResetVariableTensors()	32	static
base.h:344:24:T flatbuffers::EndianScalar(T) [with T = long unsigned int]	16	static
base.h:355:3:T flatbuffers::ReadScalar(const void*) [with T = short unsigned int]	16	static
base.h:355:3:T flatbuffers::ReadScalar(const void*) [with T = long unsigned int]	16	static
base.h:355:3:T flatbuffers::ReadScalar(const void*) [with T = long int]	16	static
flatbuffers.h:2278:26:P flatbuffers::Table::GetPointer(flatbuffers::voffset_t) const [with P = const flatbuffers::Vector<long int>*]	16	static
flatbuffers.h:2278:26:P flatbuffers::Table::GetPointer(flatbuffers::voffset_t) const [with P = const flatbuffers::Vector<flatbuffers::Offset<tflite::Tensor> >*]	16	static
flatbuffers.h:2278:26:P flatbuffers::Table::GetPointer(flatbuffers::voffset_t) const [with P = const flatbuffers::Vector<flatbuffers::Offset<tflite::Operator> >*]	16	static
flatbuffers.h:2278:26:P flatbuffers::Table::GetPointer(flatbuffers::voffset_t) const [with P = const flatbuffers::Vector<flatbuffers::Offset<tflite::SubGraph> >*]	16	static
flatbuffers.h:227:13:flatbuffers::uoffset_t flatbuffers::Vector<T>::size() const [with T = long int]	16	static
flatbuffers.h:236:15:flatbuffers::Vector<T>::return_type flatbuffers::Vector<T>::Get(flatbuffers::uoffset_t) const [with T = long int]	16	static
flatbuffers.h:227:13:flatbuffers::uoffset_t flatbuffers::Vector<T>::size() const [with T = flatbuffers::Offset<tflite::Operator>]	16	static
flatbuffers.h:227:13:flatbuffers::uoffset_t flatbuffers::Vector<T>::size() const [with T = flatbuffers::Offset<tflite::SubGraph>]	16	static
flatbuffers.h:236:15:flatbuffers::Vector<T>::return_type flatbuffers::Vector<T>::Get(flatbuffers::uoffset_t) const [with T = flatbuffers::Offset<tflite::SubGraph>]	16	static
flatbuffers.h:241:15:flatbuffers::Vector<T>::return_type flatbuffers::Vector<T>::operator[](flatbuffers::uoffset_t) const [with T = flatbuffers::Offset<tflite::SubGraph>]	16	static
micro_interpreter.cc:134:6:void tflite::MicroInterpreter::CorrectTensorDataEndianness(T*, int32_t) [with T = float]	40	static
micro_interpreter.cc:134:6:void tflite::MicroInterpreter::CorrectTensorDataEndianness(T*, int32_t) [with T = TfLiteFloat16]	40	static
micro_interpreter.cc:134:6:void tflite::MicroInterpreter::CorrectTensorDataEndianness(T*, int32_t) [with T = long long int]	40	static
micro_interpreter.cc:134:6:void tflite::MicroInterpreter::CorrectTensorDataEndianness(T*, int32_t) [with T = long int]	40	static
micro_interpreter.cc:134:6:void tflite::MicroInterpreter::CorrectTensorDataEndianness(T*, int32_t) [with T = short int]	40	static
micro_interpreter.cc:134:6:void tflite::MicroInterpreter::CorrectTensorDataEndianness(T*, int32_t) [with T = TfLiteComplex64]	40	static
base.h:344:24:T flatbuffers::EndianScalar(T) [with T = long int]	16	static
base.h:344:24:T flatbuffers::EndianScalar(T) [with T = short unsigned int]	16	static
flatbuffers.h:2272:26:P flatbuffers::Table::GetPointer(flatbuffers::voffset_t) [with P = const flatbuffers::Vector<long int>*]	24	static
flatbuffers.h:2272:26:P flatbuffers::Table::GetPointer(flatbuffers::voffset_t) [with P = const flatbuffers::Vector<flatbuffers::Offset<tflite::Tensor> >*]	24	static
flatbuffers.h:2272:26:P flatbuffers::Table::GetPointer(flatbuffers::voffset_t) [with P = const flatbuffers::Vector<flatbuffers::Offset<tflite::Operator> >*]	24	static
flatbuffers.h:2272:26:P flatbuffers::Table::GetPointer(flatbuffers::voffset_t) [with P = const flatbuffers::Vector<flatbuffers::Offset<tflite::SubGraph> >*]	24	static
flatbuffers.h:85:22:static flatbuffers::IndirectHelper<T>::return_type flatbuffers::IndirectHelper<T>::Read(const uint8_t*, flatbuffers::uoffset_t) [with T = long int]	16	static
flatbuffers.h:310:18:const uint8_t* flatbuffers::Vector<T>::Data() const [with T = long int]	16	static
flatbuffers.h:93:22:static const T* flatbuffers::IndirectHelper<flatbuffers::Offset<T> >::Read(const uint8_t*, flatbuffers::uoffset_t) [with T = tflite::SubGraph]	16	static
flatbuffers.h:310:18:const uint8_t* flatbuffers::Vector<T>::Data() const [with T = flatbuffers::Offset<tflite::SubGraph>]	16	static
base.h:344:24:T flatbuffers::EndianScalar(T) [with T = float]	16	static
base.h:344:24:T flatbuffers::EndianScalar(T) [with T = TfLiteFloat16]	16	static
base.h:344:24:T flatbuffers::EndianScalar(T) [with T = long long int]	16	static
base.h:344:24:T flatbuffers::EndianScalar(T) [with T = short int]	16	static
base.h:344:24:T flatbuffers::EndianScalar(T) [with T = TfLiteComplex64]	32	static
