gthr-default.h:229:1:int __gthread_key_delete(__gthread_key_t)	16	static
flatbuffers.h:405:15:const char* flatbuffers::String::c_str() const	16	static
flatbuffers.h:2251:18:const uint8_t* flatbuffers::Table::GetVTable() const	24	static
flatbuffers.h:2257:13:flatbuffers::voffset_t flatbuffers::Table::GetOptionalFieldOffset(flatbuffers::voffset_t) const	24	static
schema_generated.h:910:28:const char* const* tflite::EnumNamesBuiltinOperator()	4	static
schema_generated.h:1043:20:const char* tflite::EnumNameBuiltinOperator(tflite::BuiltinOperator)	24	static
schema_generated.h:2966:37:const flatbuffers::Vector<float>* tflite::QuantizationParameters::scale() const	16	static
schema_generated.h:2969:39:const flatbuffers::Vector<long long int>* tflite::QuantizationParameters::zero_point() const	16	static
schema_generated.h:2982:11:int32_t tflite::QuantizationParameters::quantized_dimension() const	16	static
schema_generated.h:3558:39:const flatbuffers::Vector<long int>* tflite::Tensor::shape() const	16	static
schema_generated.h:3561:14:tflite::TensorType tflite::Tensor::type() const	16	static
schema_generated.h:3564:12:uint32_t tflite::Tensor::buffer() const	16	static
schema_generated.h:3567:30:const flatbuffers::String* tflite::Tensor::name() const	16	static
schema_generated.h:3570:33:const tflite::QuantizationParameters* tflite::Tensor::quantization() const	16	static
schema_generated.h:3573:8:bool tflite::Tensor::is_variable() const	16	static
schema_generated.h:9230:12:uint32_t tflite::Operator::opcode_index() const	16	static
schema_generated.h:9233:39:const flatbuffers::Vector<long int>* tflite::Operator::inputs() const	16	static
schema_generated.h:9236:39:const flatbuffers::Vector<long int>* tflite::Operator::outputs() const	16	static
schema_generated.h:9546:39:const flatbuffers::Vector<unsigned char>* tflite::Operator::custom_options() const	16	static
schema_generated.h:10099:59:const flatbuffers::Vector<flatbuffers::Offset<tflite::Tensor> >* tflite::SubGraph::tensors() const	16	static
schema_generated.h:10102:39:const flatbuffers::Vector<long int>* tflite::SubGraph::inputs() const	16	static
schema_generated.h:10105:39:const flatbuffers::Vector<long int>* tflite::SubGraph::outputs() const	16	static
schema_generated.h:10108:61:const flatbuffers::Vector<flatbuffers::Offset<tflite::Operator> >* tflite::SubGraph::operators() const	16	static
schema_generated.h:10216:39:const flatbuffers::Vector<unsigned char>* tflite::Buffer::data() const	16	static
schema_generated.h:10373:65:const flatbuffers::Vector<flatbuffers::Offset<tflite::OperatorCode> >* tflite::Model::operator_codes() const	16	static
schema_generated.h:10376:61:const flatbuffers::Vector<flatbuffers::Offset<tflite::SubGraph> >* tflite::Model::subgraphs() const	16	static
schema_generated.h:10382:59:const flatbuffers::Vector<flatbuffers::Offset<tflite::Buffer> >* tflite::Model::buffers() const	16	static
flatbuffer_conversions.h:45:11:tflite::BuiltinDataAllocator::~BuiltinDataAllocator()	16	static
flatbuffer_conversions.h:45:11:virtual tflite::BuiltinDataAllocator::~BuiltinDataAllocator()	16	static
simple_memory_allocator.h:38:10:size_t tflite::SimpleMemoryAllocator::GetDataSize() const	16	static
simple_memory_allocator.h:39:12:uint8_t* tflite::SimpleMemoryAllocator::GetBuffer() const	16	static
simple_memory_allocator.h:40:10:size_t tflite::SimpleMemoryAllocator::GetMaxBufferSize() const	16	static
flatbuffer_conversions.h:30:7:constexpr tflite::BuiltinDataAllocator::BuiltinDataAllocator()	16	static
micro_allocator.cc:61:12:tflite::{anonymous}::MicroBuiltinDataAllocator::MicroBuiltinDataAllocator(tflite::SimpleMemoryAllocator*)	16	static
micro_allocator.cc:64:9:virtual void* tflite::{anonymous}::MicroBuiltinDataAllocator::Allocate(size_t)	32	static
micro_allocator.cc:70:8:virtual void tflite::{anonymous}::MicroBuiltinDataAllocator::Deallocate(void*)	16	static
micro_allocator.cc:81:14:TfLiteStatus tflite::{anonymous}::AllocateVariables(const flatbuffers::Vector<flatbuffers::Offset<tflite::Tensor> >*, TfLiteTensor*, tflite::SimpleMemoryAllocator*)	40	static
micro_allocator.cc:98:17:tflite::{anonymous}::AllocationInfo* tflite::{anonymous}::AllocateAndCalculateAllocationInfo(tflite::ErrorReporter*, size_t, const tflite::SubGraph*, TfLiteTensor*, tflite::SimpleMemoryAllocator*)	112	static
micro_allocator.cc:181:14:TfLiteStatus tflite::{anonymous}::CreatePlan(tflite::ErrorReporter*, tflite::MemoryPlanner*, const tflite::{anonymous}::AllocationInfo*, size_t)	56	static
micro_allocator.cc:198:14:TfLiteStatus tflite::{anonymous}::CommitPlan(tflite::ErrorReporter*, tflite::MemoryPlanner*, uint8_t*, tflite::{anonymous}::AllocationInfo*, size_t)	48	static
micro_allocator.cc:220:14:TfLiteStatus tflite::internal::InitializeRuntimeTensor(tflite::SimpleMemoryAllocator*, const tflite::Tensor&, const flatbuffers::Vector<flatbuffers::Offset<tflite::Buffer> >*, tflite::ErrorReporter*, TfLiteTensor*)	72	static
micro_allocator.cc:325:14:TfLiteStatus tflite::MicroAllocator::Init()	48	static
micro_allocator.cc:364:1:tflite::MicroAllocator::MicroAllocator(TfLiteContext*, const tflite::Model*, uint8_t*, size_t, tflite::ErrorReporter*)	40	static
micro_allocator.cc:389:14:TfLiteStatus tflite::MicroAllocator::AllocateNodeAndRegistrations(const tflite::OpResolver&, tflite::NodeAndRegistration**)	112	static
micro_allocator.cc:478:14:TfLiteStatus tflite::MicroAllocator::FinishTensorAllocation()	120	static
base.h:344:24:T flatbuffers::EndianScalar(T) [with T = long unsigned int]	16	static
flatbuffers.h:310:18:const uint8_t* flatbuffers::Vector<T>::Data() const [with T = char]	16	static
base.h:355:3:T flatbuffers::ReadScalar(const void*) [with T = short unsigned int]	16	static
base.h:355:3:T flatbuffers::ReadScalar(const void*) [with T = long unsigned int]	16	static
base.h:355:3:T flatbuffers::ReadScalar(const void*) [with T = long int]	16	static
flatbuffers.h:2278:26:P flatbuffers::Table::GetPointer(flatbuffers::voffset_t) const [with P = const flatbuffers::Vector<unsigned char>*]	16	static
flatbuffers.h:2278:26:P flatbuffers::Table::GetPointer(flatbuffers::voffset_t) const [with P = const flatbuffers::Vector<float>*]	16	static
flatbuffers.h:2278:26:P flatbuffers::Table::GetPointer(flatbuffers::voffset_t) const [with P = const flatbuffers::Vector<long long int>*]	16	static
flatbuffers.h:2267:26:T flatbuffers::Table::GetField(flatbuffers::voffset_t, T) const [with T = unsigned char]	24	static
flatbuffers.h:2267:26:T flatbuffers::Table::GetField(flatbuffers::voffset_t, T) const [with T = long int]	32	static
flatbuffers.h:2278:26:P flatbuffers::Table::GetPointer(flatbuffers::voffset_t) const [with P = const flatbuffers::Vector<long int>*]	16	static
flatbuffers.h:2267:26:T flatbuffers::Table::GetField(flatbuffers::voffset_t, T) const [with T = signed char]	24	static
flatbuffers.h:2267:26:T flatbuffers::Table::GetField(flatbuffers::voffset_t, T) const [with T = long unsigned int]	32	static
flatbuffers.h:2278:26:P flatbuffers::Table::GetPointer(flatbuffers::voffset_t) const [with P = const flatbuffers::String*]	16	static
flatbuffers.h:2278:26:P flatbuffers::Table::GetPointer(flatbuffers::voffset_t) const [with P = const tflite::QuantizationParameters*]	16	static
flatbuffers.h:2278:26:P flatbuffers::Table::GetPointer(flatbuffers::voffset_t) const [with P = const flatbuffers::Vector<flatbuffers::Offset<tflite::Tensor> >*]	16	static
flatbuffers.h:2278:26:P flatbuffers::Table::GetPointer(flatbuffers::voffset_t) const [with P = const flatbuffers::Vector<flatbuffers::Offset<tflite::Operator> >*]	16	static
flatbuffers.h:2278:26:P flatbuffers::Table::GetPointer(flatbuffers::voffset_t) const [with P = const flatbuffers::Vector<flatbuffers::Offset<tflite::OperatorCode> >*]	16	static
flatbuffers.h:2278:26:P flatbuffers::Table::GetPointer(flatbuffers::voffset_t) const [with P = const flatbuffers::Vector<flatbuffers::Offset<tflite::SubGraph> >*]	16	static
flatbuffers.h:2278:26:P flatbuffers::Table::GetPointer(flatbuffers::voffset_t) const [with P = const flatbuffers::Vector<flatbuffers::Offset<tflite::Buffer> >*]	16	static
flatbuffers.h:227:13:flatbuffers::uoffset_t flatbuffers::Vector<T>::size() const [with T = unsigned char]	16	static
flatbuffers.h:227:13:flatbuffers::uoffset_t flatbuffers::Vector<T>::size() const [with T = float]	16	static
flatbuffers.h:236:15:flatbuffers::Vector<T>::return_type flatbuffers::Vector<T>::Get(flatbuffers::uoffset_t) const [with T = float]	16	static
flatbuffers.h:227:13:flatbuffers::uoffset_t flatbuffers::Vector<T>::size() const [with T = long long int]	16	static
flatbuffers.h:236:15:flatbuffers::Vector<T>::return_type flatbuffers::Vector<T>::Get(flatbuffers::uoffset_t) const [with T = long long int]	24	static
flatbuffers.h:227:13:flatbuffers::uoffset_t flatbuffers::Vector<T>::size() const [with T = long int]	16	static
flatbuffers.h:236:15:flatbuffers::Vector<T>::return_type flatbuffers::Vector<T>::Get(flatbuffers::uoffset_t) const [with T = long int]	16	static
flatbuffers.h:227:13:flatbuffers::uoffset_t flatbuffers::Vector<T>::size() const [with T = flatbuffers::Offset<tflite::Tensor>]	16	static
flatbuffers.h:236:15:flatbuffers::Vector<T>::return_type flatbuffers::Vector<T>::Get(flatbuffers::uoffset_t) const [with T = flatbuffers::Offset<tflite::Tensor>]	16	static
flatbuffers.h:227:13:flatbuffers::uoffset_t flatbuffers::Vector<T>::size() const [with T = flatbuffers::Offset<tflite::Operator>]	16	static
flatbuffers.h:236:15:flatbuffers::Vector<T>::return_type flatbuffers::Vector<T>::Get(flatbuffers::uoffset_t) const [with T = flatbuffers::Offset<tflite::Operator>]	16	static
flatbuffers.h:227:13:flatbuffers::uoffset_t flatbuffers::Vector<T>::size() const [with T = flatbuffers::Offset<tflite::OperatorCode>]	16	static
flatbuffers.h:236:15:flatbuffers::Vector<T>::return_type flatbuffers::Vector<T>::Get(flatbuffers::uoffset_t) const [with T = flatbuffers::Offset<tflite::OperatorCode>]	16	static
flatbuffers.h:227:13:flatbuffers::uoffset_t flatbuffers::Vector<T>::size() const [with T = flatbuffers::Offset<tflite::SubGraph>]	16	static
flatbuffers.h:236:15:flatbuffers::Vector<T>::return_type flatbuffers::Vector<T>::Get(flatbuffers::uoffset_t) const [with T = flatbuffers::Offset<tflite::SubGraph>]	16	static
flatbuffers.h:227:13:flatbuffers::uoffset_t flatbuffers::Vector<T>::size() const [with T = flatbuffers::Offset<tflite::Buffer>]	16	static
flatbuffers.h:236:15:flatbuffers::Vector<T>::return_type flatbuffers::Vector<T>::Get(flatbuffers::uoffset_t) const [with T = flatbuffers::Offset<tflite::Buffer>]	16	static
stl_algobase.h:195:5:const _Tp& std::min(const _Tp&, const _Tp&) [with _Tp = unsigned int]	16	static
flatbuffers.h:241:15:flatbuffers::Vector<T>::return_type flatbuffers::Vector<T>::operator[](flatbuffers::uoffset_t) const [with T = flatbuffers::Offset<tflite::Buffer>]	16	static
flatbuffers.h:317:12:const T* flatbuffers::Vector<T>::data() const [with T = unsigned char]	16	static
flatbuffers.h:241:15:flatbuffers::Vector<T>::return_type flatbuffers::Vector<T>::operator[](flatbuffers::uoffset_t) const [with T = flatbuffers::Offset<tflite::SubGraph>]	16	static
flatbuffers.h:241:15:flatbuffers::Vector<T>::return_type flatbuffers::Vector<T>::operator[](flatbuffers::uoffset_t) const [with T = flatbuffers::Offset<tflite::OperatorCode>]	16	static
base.h:344:24:T flatbuffers::EndianScalar(T) [with T = long int]	16	static
base.h:344:24:T flatbuffers::EndianScalar(T) [with T = short unsigned int]	16	static
base.h:344:24:T flatbuffers::EndianScalar(T) [with T = unsigned char]	16	static
flatbuffers.h:2272:26:P flatbuffers::Table::GetPointer(flatbuffers::voffset_t) [with P = const flatbuffers::Vector<unsigned char>*]	24	static
flatbuffers.h:2272:26:P flatbuffers::Table::GetPointer(flatbuffers::voffset_t) [with P = const flatbuffers::Vector<float>*]	24	static
flatbuffers.h:2272:26:P flatbuffers::Table::GetPointer(flatbuffers::voffset_t) [with P = const flatbuffers::Vector<long long int>*]	24	static
base.h:355:3:T flatbuffers::ReadScalar(const void*) [with T = unsigned char]	16	static
flatbuffers.h:2272:26:P flatbuffers::Table::GetPointer(flatbuffers::voffset_t) [with P = const flatbuffers::Vector<long int>*]	24	static
base.h:355:3:T flatbuffers::ReadScalar(const void*) [with T = signed char]	16	static
flatbuffers.h:2272:26:P flatbuffers::Table::GetPointer(flatbuffers::voffset_t) [with P = const flatbuffers::String*]	24	static
flatbuffers.h:2272:26:P flatbuffers::Table::GetPointer(flatbuffers::voffset_t) [with P = const tflite::QuantizationParameters*]	24	static
flatbuffers.h:2272:26:P flatbuffers::Table::GetPointer(flatbuffers::voffset_t) [with P = const flatbuffers::Vector<flatbuffers::Offset<tflite::Tensor> >*]	24	static
flatbuffers.h:2272:26:P flatbuffers::Table::GetPointer(flatbuffers::voffset_t) [with P = const flatbuffers::Vector<flatbuffers::Offset<tflite::Operator> >*]	24	static
flatbuffers.h:2272:26:P flatbuffers::Table::GetPointer(flatbuffers::voffset_t) [with P = const flatbuffers::Vector<flatbuffers::Offset<tflite::OperatorCode> >*]	24	static
flatbuffers.h:2272:26:P flatbuffers::Table::GetPointer(flatbuffers::voffset_t) [with P = const flatbuffers::Vector<flatbuffers::Offset<tflite::SubGraph> >*]	24	static
flatbuffers.h:2272:26:P flatbuffers::Table::GetPointer(flatbuffers::voffset_t) [with P = const flatbuffers::Vector<flatbuffers::Offset<tflite::Buffer> >*]	24	static
flatbuffers.h:310:18:const uint8_t* flatbuffers::Vector<T>::Data() const [with T = unsigned char]	16	static
flatbuffers.h:85:22:static flatbuffers::IndirectHelper<T>::return_type flatbuffers::IndirectHelper<T>::Read(const uint8_t*, flatbuffers::uoffset_t) [with T = float]	16	static
flatbuffers.h:310:18:const uint8_t* flatbuffers::Vector<T>::Data() const [with T = float]	16	static
flatbuffers.h:85:22:static flatbuffers::IndirectHelper<T>::return_type flatbuffers::IndirectHelper<T>::Read(const uint8_t*, flatbuffers::uoffset_t) [with T = long long int]	24	static
flatbuffers.h:310:18:const uint8_t* flatbuffers::Vector<T>::Data() const [with T = long long int]	16	static
flatbuffers.h:85:22:static flatbuffers::IndirectHelper<T>::return_type flatbuffers::IndirectHelper<T>::Read(const uint8_t*, flatbuffers::uoffset_t) [with T = long int]	16	static
flatbuffers.h:310:18:const uint8_t* flatbuffers::Vector<T>::Data() const [with T = long int]	16	static
flatbuffers.h:93:22:static const T* flatbuffers::IndirectHelper<flatbuffers::Offset<T> >::Read(const uint8_t*, flatbuffers::uoffset_t) [with T = tflite::Tensor]	16	static
flatbuffers.h:310:18:const uint8_t* flatbuffers::Vector<T>::Data() const [with T = flatbuffers::Offset<tflite::Tensor>]	16	static
flatbuffers.h:93:22:static const T* flatbuffers::IndirectHelper<flatbuffers::Offset<T> >::Read(const uint8_t*, flatbuffers::uoffset_t) [with T = tflite::Operator]	16	static
flatbuffers.h:310:18:const uint8_t* flatbuffers::Vector<T>::Data() const [with T = flatbuffers::Offset<tflite::Operator>]	16	static
flatbuffers.h:93:22:static const T* flatbuffers::IndirectHelper<flatbuffers::Offset<T> >::Read(const uint8_t*, flatbuffers::uoffset_t) [with T = tflite::OperatorCode]	16	static
flatbuffers.h:310:18:const uint8_t* flatbuffers::Vector<T>::Data() const [with T = flatbuffers::Offset<tflite::OperatorCode>]	16	static
flatbuffers.h:93:22:static const T* flatbuffers::IndirectHelper<flatbuffers::Offset<T> >::Read(const uint8_t*, flatbuffers::uoffset_t) [with T = tflite::SubGraph]	16	static
flatbuffers.h:310:18:const uint8_t* flatbuffers::Vector<T>::Data() const [with T = flatbuffers::Offset<tflite::SubGraph>]	16	static
flatbuffers.h:93:22:static const T* flatbuffers::IndirectHelper<flatbuffers::Offset<T> >::Read(const uint8_t*, flatbuffers::uoffset_t) [with T = tflite::Buffer]	16	static
flatbuffers.h:310:18:const uint8_t* flatbuffers::Vector<T>::Data() const [with T = flatbuffers::Offset<tflite::Buffer>]	16	static
base.h:344:24:T flatbuffers::EndianScalar(T) [with T = signed char]	16	static
base.h:344:24:T flatbuffers::EndianScalar(T) [with T = float]	16	static
base.h:344:24:T flatbuffers::EndianScalar(T) [with T = long long int]	16	static
micro_allocator.cc:59:7:tflite::{anonymous}::MicroBuiltinDataAllocator::~MicroBuiltinDataAllocator()	16	static
micro_allocator.cc:59:7:virtual tflite::{anonymous}::MicroBuiltinDataAllocator::~MicroBuiltinDataAllocator()	16	static
