new:168:14:void* operator new(std::size_t, void*)	16	static
gthr-default.h:229:1:int __gthread_key_delete(__gthread_key_t)	16	static
base.h:374:15:size_t flatbuffers::PaddingBytes(size_t, size_t)	16	static
flatbuffers.h:51:13:void flatbuffers::EndianCheck()	16	static
flatbuffers.h:437:11:flatbuffers::Allocator::~Allocator()	16	static
flatbuffers.h:437:11:virtual flatbuffers::Allocator::~Allocator()	16	static
flatbuffers.h:450:20:virtual uint8_t* flatbuffers::Allocator::reallocate_downward(uint8_t*, size_t, size_t, size_t, size_t)	48	static
flatbuffers.h:466:8:void flatbuffers::Allocator::memcpy_downward(uint8_t*, size_t, uint8_t*, size_t, size_t, size_t)	24	static
flatbuffers.h:478:12:virtual uint8_t* flatbuffers::DefaultAllocator::allocate(size_t)	16	static
flatbuffers.h:482:8:virtual void flatbuffers::DefaultAllocator::deallocate(uint8_t*, size_t)	24	static
flatbuffers.h:435:7:constexpr flatbuffers::Allocator::Allocator()	16	static
flatbuffers.h:476:7:constexpr flatbuffers::DefaultAllocator::DefaultAllocator()	16	static
flatbuffers.h:495:17:uint8_t* flatbuffers::Allocate(flatbuffers::Allocator*, size_t)	32	static
flatbuffers.h:505:17:uint8_t* flatbuffers::ReallocateDownward(flatbuffers::Allocator*, uint8_t*, size_t, size_t, size_t, size_t)	48	static
flatbuffers.h:645:12:flatbuffers::vector_downward::vector_downward(size_t, flatbuffers::Allocator*, bool, size_t)	24	static
flatbuffers.h:716:8:void flatbuffers::vector_downward::clear_scratch()	16	static
flatbuffers.h:758:10:size_t flatbuffers::vector_downward::ensure_space(size_t)	16	static
flatbuffers.h:767:19:uint8_t* flatbuffers::vector_downward::make_space(size_t)	24	static
flatbuffers.h:776:13:flatbuffers::uoffset_t flatbuffers::vector_downward::size() const	16	static
flatbuffers.h:780:13:flatbuffers::uoffset_t flatbuffers::vector_downward::scratch_size() const	16	static
flatbuffers.h:786:12:uint8_t* flatbuffers::vector_downward::data() const	16	static
flatbuffers.h:791:12:uint8_t* flatbuffers::vector_downward::scratch_data() const	16	static
flatbuffers.h:796:12:uint8_t* flatbuffers::vector_downward::scratch_end() const	16	static
flatbuffers.h:801:12:uint8_t* flatbuffers::vector_downward::data_at(size_t) const	16	static
flatbuffers.h:803:8:void flatbuffers::vector_downward::push(const uint8_t*, size_t)	24	static
flatbuffers.h:821:8:void flatbuffers::vector_downward::fill(size_t)	24	static
flatbuffers.h:827:8:void flatbuffers::vector_downward::fill_big(size_t)	16	static
flatbuffers.h:831:8:void flatbuffers::vector_downward::pop(size_t)	16	static
flatbuffers.h:832:8:void flatbuffers::vector_downward::scratch_pop(size_t)	16	static
flatbuffers.h:866:8:void flatbuffers::vector_downward::reallocate(size_t)	40	static
flatbuffers.h:885:18:flatbuffers::voffset_t flatbuffers::FieldIndexToOffset(flatbuffers::voffset_t)	24	static
flatbuffers.h:923:12:flatbuffers::FlatBufferBuilder::FlatBufferBuilder(size_t, flatbuffers::Allocator*, bool, size_t)	32	static
flatbuffers.h:59:51:constexpr size_t flatbuffers::AlignOf() [with T = long long unsigned int]	4	static
flatbuffers.h:1012:13:flatbuffers::uoffset_t flatbuffers::FlatBufferBuilder::GetSize() const	16	static
flatbuffers.h:1017:12:uint8_t* flatbuffers::FlatBufferBuilder::GetBufferPointer() const	16	static
flatbuffers.h:1067:8:void flatbuffers::FlatBufferBuilder::Finished() const	16	static
flatbuffers.h:1090:8:void flatbuffers::FlatBufferBuilder::TrackMinAlign(size_t)	16	static
flatbuffers.h:1094:8:void flatbuffers::FlatBufferBuilder::Align(size_t)	24	static
flatbuffers.h:1104:8:void flatbuffers::FlatBufferBuilder::PushBytes(const uint8_t*, size_t)	24	static
flatbuffers.h:1129:8:void flatbuffers::FlatBufferBuilder::TrackField(flatbuffers::voffset_t, flatbuffers::uoffset_t)	32	static
flatbuffers.h:1163:13:flatbuffers::uoffset_t flatbuffers::FlatBufferBuilder::ReferTo(flatbuffers::uoffset_t)	16	static
flatbuffers.h:1171:8:void flatbuffers::FlatBufferBuilder::NotNested()	16	static
flatbuffers.h:1187:13:flatbuffers::uoffset_t flatbuffers::FlatBufferBuilder::StartTable()	16	static
flatbuffers.h:1196:13:flatbuffers::uoffset_t flatbuffers::FlatBufferBuilder::EndTable(flatbuffers::uoffset_t)	80	static
flatbuffers.h:1276:8:void flatbuffers::FlatBufferBuilder::ClearOffsets()	16	static
flatbuffers.h:1284:8:void flatbuffers::FlatBufferBuilder::PreAlign(size_t, size_t)	32	static
flatbuffers.h:1298:18:flatbuffers::Offset<flatbuffers::String> flatbuffers::FlatBufferBuilder::CreateString(const char*, size_t)	32	static
flatbuffers.h:1310:18:flatbuffers::Offset<flatbuffers::String> flatbuffers::FlatBufferBuilder::CreateString(const char*)	16	static
flatbuffers.h:1407:13:flatbuffers::uoffset_t flatbuffers::FlatBufferBuilder::EndVector(size_t)	16	static
flatbuffers.h:1413:8:void flatbuffers::FlatBufferBuilder::StartVector(size_t, size_t)	24	static
flatbuffers.h:1846:8:void flatbuffers::FlatBufferBuilder::Finish(flatbuffers::uoffset_t, const char*, bool)	24	static
schema_generated.h:3013:8:void tflite::QuantizationParametersBuilder::add_min(flatbuffers::Offset<flatbuffers::Vector<float> >)	16	static
schema_generated.h:3016:8:void tflite::QuantizationParametersBuilder::add_max(flatbuffers::Offset<flatbuffers::Vector<float> >)	16	static
schema_generated.h:3019:8:void tflite::QuantizationParametersBuilder::add_scale(flatbuffers::Offset<flatbuffers::Vector<float> >)	16	static
schema_generated.h:3022:8:void tflite::QuantizationParametersBuilder::add_zero_point(flatbuffers::Offset<flatbuffers::Vector<long long int> >)	16	static
schema_generated.h:3025:8:void tflite::QuantizationParametersBuilder::add_details_type(tflite::QuantizationDetails)	16	static
schema_generated.h:3028:8:void tflite::QuantizationParametersBuilder::add_details(flatbuffers::Offset<void>)	16	static
schema_generated.h:3031:8:void tflite::QuantizationParametersBuilder::add_quantized_dimension(int32_t)	16	static
schema_generated.h:3034:12:tflite::QuantizationParametersBuilder::QuantizationParametersBuilder(flatbuffers::FlatBufferBuilder&)	16	static
schema_generated.h:3039:47:flatbuffers::Offset<tflite::QuantizationParameters> tflite::QuantizationParametersBuilder::Finish()	24	static
schema_generated.h:3046:52:flatbuffers::Offset<tflite::QuantizationParameters> tflite::CreateQuantizationParameters(flatbuffers::FlatBufferBuilder&, flatbuffers::Offset<flatbuffers::Vector<float> >, flatbuffers::Offset<flatbuffers::Vector<float> >, flatbuffers::Offset<flatbuffers::Vector<float> >, flatbuffers::Offset<flatbuffers::Vector<long long int> >, tflite::QuantizationDetails, flatbuffers::Offset<void>, int32_t)	32	static
schema_generated.h:3607:8:void tflite::TensorBuilder::add_shape(flatbuffers::Offset<flatbuffers::Vector<long int> >)	16	static
schema_generated.h:3610:8:void tflite::TensorBuilder::add_type(tflite::TensorType)	16	static
schema_generated.h:3613:8:void tflite::TensorBuilder::add_buffer(uint32_t)	16	static
schema_generated.h:3616:8:void tflite::TensorBuilder::add_name(flatbuffers::Offset<flatbuffers::String>)	16	static
schema_generated.h:3619:8:void tflite::TensorBuilder::add_quantization(flatbuffers::Offset<tflite::QuantizationParameters>)	16	static
schema_generated.h:3622:8:void tflite::TensorBuilder::add_is_variable(bool)	16	static
schema_generated.h:3625:8:void tflite::TensorBuilder::add_sparsity(flatbuffers::Offset<tflite::SparsityParameters>)	16	static
schema_generated.h:3628:8:void tflite::TensorBuilder::add_shape_signature(flatbuffers::Offset<flatbuffers::Vector<long int> >)	16	static
schema_generated.h:3631:12:tflite::TensorBuilder::TensorBuilder(flatbuffers::FlatBufferBuilder&)	16	static
schema_generated.h:3636:31:flatbuffers::Offset<tflite::Tensor> tflite::TensorBuilder::Finish()	24	static
schema_generated.h:3643:36:flatbuffers::Offset<tflite::Tensor> tflite::CreateTensor(flatbuffers::FlatBufferBuilder&, flatbuffers::Offset<flatbuffers::Vector<long int> >, tflite::TensorType, uint32_t, flatbuffers::Offset<flatbuffers::String>, flatbuffers::Offset<tflite::QuantizationParameters>, bool, flatbuffers::Offset<tflite::SparsityParameters>, flatbuffers::Offset<flatbuffers::Vector<long int> >)	32	static
schema_generated.h:9153:8:void tflite::OperatorCodeBuilder::add_builtin_code(tflite::BuiltinOperator)	16	static
schema_generated.h:9156:8:void tflite::OperatorCodeBuilder::add_custom_code(flatbuffers::Offset<flatbuffers::String>)	16	static
schema_generated.h:9159:8:void tflite::OperatorCodeBuilder::add_version(int32_t)	16	static
schema_generated.h:9162:12:tflite::OperatorCodeBuilder::OperatorCodeBuilder(flatbuffers::FlatBufferBuilder&)	16	static
schema_generated.h:9167:37:flatbuffers::Offset<tflite::OperatorCode> tflite::OperatorCodeBuilder::Finish()	24	static
schema_generated.h:9174:42:flatbuffers::Offset<tflite::OperatorCode> tflite::CreateOperatorCode(flatbuffers::FlatBufferBuilder&, tflite::BuiltinOperator, flatbuffers::Offset<flatbuffers::String>, int32_t)	32	static
schema_generated.h:9186:42:flatbuffers::Offset<tflite::OperatorCode> tflite::CreateOperatorCodeDirect(flatbuffers::FlatBufferBuilder&, tflite::BuiltinOperator, const char*, int32_t)	32	static
schema_generated.h:9985:8:void tflite::OperatorBuilder::add_opcode_index(uint32_t)	16	static
schema_generated.h:9988:8:void tflite::OperatorBuilder::add_inputs(flatbuffers::Offset<flatbuffers::Vector<long int> >)	16	static
schema_generated.h:9991:8:void tflite::OperatorBuilder::add_outputs(flatbuffers::Offset<flatbuffers::Vector<long int> >)	16	static
schema_generated.h:9994:8:void tflite::OperatorBuilder::add_builtin_options_type(tflite::BuiltinOptions)	16	static
schema_generated.h:9997:8:void tflite::OperatorBuilder::add_builtin_options(flatbuffers::Offset<void>)	16	static
schema_generated.h:10000:8:void tflite::OperatorBuilder::add_custom_options(flatbuffers::Offset<flatbuffers::Vector<unsigned char> >)	16	static
schema_generated.h:10003:8:void tflite::OperatorBuilder::add_custom_options_format(tflite::CustomOptionsFormat)	16	static
schema_generated.h:10006:8:void tflite::OperatorBuilder::add_mutating_variable_inputs(flatbuffers::Offset<flatbuffers::Vector<unsigned char> >)	16	static
schema_generated.h:10009:8:void tflite::OperatorBuilder::add_intermediates(flatbuffers::Offset<flatbuffers::Vector<long int> >)	16	static
schema_generated.h:10012:12:tflite::OperatorBuilder::OperatorBuilder(flatbuffers::FlatBufferBuilder&)	16	static
schema_generated.h:10017:33:flatbuffers::Offset<tflite::Operator> tflite::OperatorBuilder::Finish()	24	static
schema_generated.h:10024:38:flatbuffers::Offset<tflite::Operator> tflite::CreateOperator(flatbuffers::FlatBufferBuilder&, uint32_t, flatbuffers::Offset<flatbuffers::Vector<long int> >, flatbuffers::Offset<flatbuffers::Vector<long int> >, tflite::BuiltinOptions, flatbuffers::Offset<void>, flatbuffers::Offset<flatbuffers::Vector<unsigned char> >, tflite::CustomOptionsFormat, flatbuffers::Offset<flatbuffers::Vector<unsigned char> >, flatbuffers::Offset<flatbuffers::Vector<long int> >)	32	static
schema_generated.h:10138:8:void tflite::SubGraphBuilder::add_tensors(flatbuffers::Offset<flatbuffers::Vector<flatbuffers::Offset<tflite::Tensor> > >)	16	static
schema_generated.h:10141:8:void tflite::SubGraphBuilder::add_inputs(flatbuffers::Offset<flatbuffers::Vector<long int> >)	16	static
schema_generated.h:10144:8:void tflite::SubGraphBuilder::add_outputs(flatbuffers::Offset<flatbuffers::Vector<long int> >)	16	static
schema_generated.h:10147:8:void tflite::SubGraphBuilder::add_operators(flatbuffers::Offset<flatbuffers::Vector<flatbuffers::Offset<tflite::Operator> > >)	16	static
schema_generated.h:10150:8:void tflite::SubGraphBuilder::add_name(flatbuffers::Offset<flatbuffers::String>)	16	static
schema_generated.h:10153:12:tflite::SubGraphBuilder::SubGraphBuilder(flatbuffers::FlatBufferBuilder&)	16	static
schema_generated.h:10158:33:flatbuffers::Offset<tflite::SubGraph> tflite::SubGraphBuilder::Finish()	24	static
schema_generated.h:10165:38:flatbuffers::Offset<tflite::SubGraph> tflite::CreateSubGraph(flatbuffers::FlatBufferBuilder&, flatbuffers::Offset<flatbuffers::Vector<flatbuffers::Offset<tflite::Tensor> > >, flatbuffers::Offset<flatbuffers::Vector<long int> >, flatbuffers::Offset<flatbuffers::Vector<long int> >, flatbuffers::Offset<flatbuffers::Vector<flatbuffers::Offset<tflite::Operator> > >, flatbuffers::Offset<flatbuffers::String>)	32	static
schema_generated.h:10233:8:void tflite::BufferBuilder::add_data(flatbuffers::Offset<flatbuffers::Vector<unsigned char> >)	16	static
schema_generated.h:10236:12:tflite::BufferBuilder::BufferBuilder(flatbuffers::FlatBufferBuilder&)	16	static
schema_generated.h:10241:31:flatbuffers::Offset<tflite::Buffer> tflite::BufferBuilder::Finish()	24	static
schema_generated.h:10248:36:flatbuffers::Offset<tflite::Buffer> tflite::CreateBuffer(flatbuffers::FlatBufferBuilder&, flatbuffers::Offset<flatbuffers::Vector<unsigned char> >)	24	static
schema_generated.h:10420:8:void tflite::ModelBuilder::add_version(uint32_t)	16	static
schema_generated.h:10423:8:void tflite::ModelBuilder::add_operator_codes(flatbuffers::Offset<flatbuffers::Vector<flatbuffers::Offset<tflite::OperatorCode> > >)	16	static
schema_generated.h:10426:8:void tflite::ModelBuilder::add_subgraphs(flatbuffers::Offset<flatbuffers::Vector<flatbuffers::Offset<tflite::SubGraph> > >)	16	static
schema_generated.h:10429:8:void tflite::ModelBuilder::add_description(flatbuffers::Offset<flatbuffers::String>)	16	static
schema_generated.h:10432:8:void tflite::ModelBuilder::add_buffers(flatbuffers::Offset<flatbuffers::Vector<flatbuffers::Offset<tflite::Buffer> > >)	16	static
schema_generated.h:10435:8:void tflite::ModelBuilder::add_metadata_buffer(flatbuffers::Offset<flatbuffers::Vector<long int> >)	16	static
schema_generated.h:10438:8:void tflite::ModelBuilder::add_metadata(flatbuffers::Offset<flatbuffers::Vector<flatbuffers::Offset<tflite::Metadata> > >)	16	static
schema_generated.h:10441:12:tflite::ModelBuilder::ModelBuilder(flatbuffers::FlatBufferBuilder&)	16	static
schema_generated.h:10446:30:flatbuffers::Offset<tflite::Model> tflite::ModelBuilder::Finish()	24	static
schema_generated.h:10453:35:flatbuffers::Offset<tflite::Model> tflite::CreateModel(flatbuffers::FlatBufferBuilder&, uint32_t, flatbuffers::Offset<flatbuffers::Vector<flatbuffers::Offset<tflite::OperatorCode> > >, flatbuffers::Offset<flatbuffers::Vector<flatbuffers::Offset<tflite::SubGraph> > >, flatbuffers::Offset<flatbuffers::String>, flatbuffers::Offset<flatbuffers::Vector<flatbuffers::Offset<tflite::Buffer> > >, flatbuffers::Offset<flatbuffers::Vector<long int> >, flatbuffers::Offset<flatbuffers::Vector<flatbuffers::Offset<tflite::Metadata> > >)	32	static
schema_generated.h:15947:20:const char* tflite::ModelIdentifier()	4	static
schema_generated.h:15970:13:void tflite::FinishModelBuffer(flatbuffers::FlatBufferBuilder&, flatbuffers::Offset<tflite::Model>)	16	static
test_helpers.cc:28:3:tflite::testing::{anonymous}::StackAllocator::StackAllocator()	16	static
test_helpers.cc:30:12:virtual uint8_t* tflite::testing::{anonymous}::StackAllocator::allocate(size_t)	24	static
test_helpers.cc:41:8:virtual void tflite::testing::{anonymous}::StackAllocator::deallocate(uint8_t*, size_t)	24	static
test_helpers.cc:43:26:static tflite::testing::{anonymous}::StackAllocator& tflite::testing::{anonymous}::StackAllocator::instance()	16	static
test_helpers.cc:58:33:flatbuffers::FlatBufferBuilder* tflite::testing::{anonymous}::BuilderInstance()	32	static
test_helpers.cc:66:14:const tflite::Model* tflite::testing::{anonymous}::BuildSimpleMockModel()	288	static
test_helpers.cc:142:14:const tflite::Model* tflite::testing::{anonymous}::BuildComplexMockModel()	488	static
test_helpers.cc:295:14:const tflite::Model* tflite::testing::GetSimpleMockModel()	8	static
test_helpers.cc:303:14:const tflite::Model* tflite::testing::GetComplexMockModel()	8	static
test_helpers.cc:311:15:const tflite::Tensor* tflite::testing::Create1dFlatbufferTensor(int, bool)	88	static
test_helpers.cc:326:15:const tflite::Tensor* tflite::testing::CreateQuantizedFlatbufferTensor(int)	192	static
test_helpers.cc:349:15:const tflite::Tensor* tflite::testing::CreateMissingQuantizationFlatbufferTensor(int)	104	static
test_helpers.cc:368:1:const flatbuffers::Vector<flatbuffers::Offset<tflite::Buffer> >* tflite::testing::CreateFlatbufferBuffers()	48	static
test_helpers.cc:385:5:int tflite::testing::TestStrcmp(const char*, const char*)	16	static
test_helpers.cc:398:6:)	28	static
test_helpers.cc:408:17:TfLiteIntArray* tflite::testing::IntArrayFromInts(const int*)	16	static
test_helpers.cc:415:19:TfLiteFloatArray* tflite::testing::FloatArrayFromFloats(const float*)	24	static
test_helpers.cc:423:14:TfLiteTensor tflite::testing::CreateTensor(TfLiteIntArray*, const char*, bool)	24	static
test_helpers.cc:436:14:TfLiteTensor tflite::testing::CreateFloatTensor(const float*, TfLiteIntArray*, const char*, bool)	24	static
test_helpers.cc:445:6:void tflite::testing::PopulateFloatTensor(TfLiteTensor*, float*, float*)	32	static
test_helpers.cc:453:14:TfLiteTensor tflite::testing::CreateBoolTensor(const bool*, TfLiteIntArray*, const char*, bool)	24	static
test_helpers.cc:462:14:TfLiteTensor tflite::testing::CreateInt32Tensor(const int32_t*, TfLiteIntArray*, const char*, bool)	24	static
test_helpers.cc:471:14:TfLiteTensor tflite::testing::CreateQuantizedTensor(const uint8_t*, TfLiteIntArray*, float, int, const char*, bool)	32	static
test_helpers.cc:485:14:TfLiteTensor tflite::testing::CreateQuantizedTensor(const float*, uint8_t*, TfLiteIntArray*, float, int, const char*, bool)	48	static
test_helpers.cc:494:14:TfLiteTensor tflite::testing::CreateQuantizedTensor(const int8_t*, TfLiteIntArray*, float, int, const char*, bool)	32	static
test_helpers.cc:506:14:TfLiteTensor tflite::testing::CreateQuantizedTensor(const int16_t*, TfLiteIntArray*, float, int, const char*, bool)	32	static
test_helpers.cc:518:14:TfLiteTensor tflite::testing::CreateQuantizedTensor(const float*, int8_t*, TfLiteIntArray*, float, int, const char*, bool)	48	static
test_helpers.cc:527:14:TfLiteTensor tflite::testing::CreateQuantized32Tensor(const int32_t*, TfLiteIntArray*, float, const char*, bool)	32	static
test_helpers.cc:542:14:TfLiteTensor tflite::testing::CreateQuantizedBiasTensor(const float*, int32_t*, TfLiteIntArray*, float, float, const char*, bool)	48	static
test_helpers.cc:554:14:TfLiteTensor tflite::testing::CreatePerChannelQuantizedBiasTensor(const float*, int32_t*, TfLiteIntArray*, float, float*, float*, int*, TfLiteAffineQuantization*, int, const char*, bool)	56	static
test_helpers.cc:585:14:TfLiteTensor tflite::testing::CreateSymmetricPerChannelQuantizedTensor(const float*, int8_t*, TfLiteIntArray*, float*, int*, TfLiteAffineQuantization*, int, const char*, bool)	40	static
base.h:344:24:T flatbuffers::EndianScalar(T) [with T = long unsigned int]	16	static
stl_algobase.h:219:5:const _Tp& std::max(const _Tp&, const _Tp&) [with _Tp = unsigned int]	16	static
flatbuffers.h:813:29:void flatbuffers::vector_downward::scratch_push_small(const T&) [with T = flatbuffers::FlatBufferBuilder::FieldLoc]	16	static
stl_algobase.h:219:5:const _Tp& std::max(const _Tp&, const _Tp&) [with _Tp = short unsigned int]	16	static
flatbuffers.h:1114:34:flatbuffers::uoffset_t flatbuffers::FlatBufferBuilder::PushElement(T) [with T = long int]	24	static
base.h:362:6:void flatbuffers::WriteScalar(void*, T) [with T = short unsigned int]	16	static
base.h:355:3:T flatbuffers::ReadScalar(const void*) [with T = short unsigned int]	16	static
flatbuffers.h:813:29:void flatbuffers::vector_downward::scratch_push_small(const T&) [with T = long unsigned int]	16	static
base.h:362:6:void flatbuffers::WriteScalar(void*, T) [with T = long int]	16	static
flatbuffers.h:1288:29:void flatbuffers::FlatBufferBuilder::PreAlign(size_t) [with T = long unsigned int]	16	static
flatbuffers.h:1114:34:flatbuffers::uoffset_t flatbuffers::FlatBufferBuilder::PushElement(T) [with T = long unsigned int]	24	static
flatbuffers.h:46:3:flatbuffers::Offset<T>::Offset(flatbuffers::uoffset_t) [with T = flatbuffers::String]	16	static
flatbuffers.h:1114:34:flatbuffers::uoffset_t flatbuffers::FlatBufferBuilder::PushElement(T) [with T = unsigned char]	24	static
flatbuffers.h:46:3:flatbuffers::Offset<T>::Offset(flatbuffers::uoffset_t) [with T = flatbuffers::Vector<unsigned char>]	16	static
flatbuffers.h:1144:29:void flatbuffers::FlatBufferBuilder::AddOffset(flatbuffers::voffset_t, flatbuffers::Offset<T>) [with T = flatbuffers::Vector<unsigned char>]	24	static
stl_vector.h:565:7:std::vector<_Tp, _Alloc>::~vector() [with _Tp = float; _Alloc = std::allocator<float>]	24	static
stl_vector.h:565:7:std::vector<_Tp, _Alloc>::~vector() [with _Tp = long long int; _Alloc = std::allocator<long long int>]	24	static
flatbuffers.h:1144:29:void flatbuffers::FlatBufferBuilder::AddOffset(flatbuffers::voffset_t, flatbuffers::Offset<T>) [with T = flatbuffers::Vector<float>]	24	static
flatbuffers.h:1144:29:void flatbuffers::FlatBufferBuilder::AddOffset(flatbuffers::voffset_t, flatbuffers::Offset<T>) [with T = flatbuffers::Vector<long long int>]	24	static
flatbuffers.h:1137:29:void flatbuffers::FlatBufferBuilder::AddElement(flatbuffers::voffset_t, T, T) [with T = unsigned char]	24	static
flatbuffers.h:1144:29:void flatbuffers::FlatBufferBuilder::AddOffset(flatbuffers::voffset_t, flatbuffers::Offset<T>) [with T = void]	24	static
flatbuffers.h:1137:29:void flatbuffers::FlatBufferBuilder::AddElement(flatbuffers::voffset_t, T, T) [with T = long int]	32	static
flatbuffers.h:46:3:flatbuffers::Offset<T>::Offset(flatbuffers::uoffset_t) [with T = tflite::QuantizationParameters]	16	static
flatbuffers.h:1477:42:flatbuffers::Offset<flatbuffers::Vector<T> > flatbuffers::FlatBufferBuilder::CreateVector(const std::vector<T>&) [with T = float]	24	static
flatbuffers.h:46:3:flatbuffers::Offset<T>::Offset(flatbuffers::uoffset_t) [with T = flatbuffers::Vector<float>]	16	static
flatbuffers.h:1477:42:flatbuffers::Offset<flatbuffers::Vector<T> > flatbuffers::FlatBufferBuilder::CreateVector(const std::vector<T>&) [with T = long long int]	24	static
flatbuffers.h:46:3:flatbuffers::Offset<T>::Offset(flatbuffers::uoffset_t) [with T = flatbuffers::Vector<long long int>]	16	static
flatbuffers.h:1144:29:void flatbuffers::FlatBufferBuilder::AddOffset(flatbuffers::voffset_t, flatbuffers::Offset<T>) [with T = flatbuffers::Vector<long int>]	24	static
flatbuffers.h:46:3:flatbuffers::Offset<T>::Offset(flatbuffers::uoffset_t) [with T = flatbuffers::Vector<long int>]	16	static
flatbuffers.h:1137:29:void flatbuffers::FlatBufferBuilder::AddElement(flatbuffers::voffset_t, T, T) [with T = signed char]	24	static
flatbuffers.h:46:3:flatbuffers::Offset<T>::Offset(flatbuffers::uoffset_t) [with T = tflite::SparsityParameters]	16	static
flatbuffers.h:1137:29:void flatbuffers::FlatBufferBuilder::AddElement(flatbuffers::voffset_t, T, T) [with T = long unsigned int]	32	static
flatbuffers.h:1144:29:void flatbuffers::FlatBufferBuilder::AddOffset(flatbuffers::voffset_t, flatbuffers::Offset<T>) [with T = flatbuffers::String]	24	static
flatbuffers.h:1144:29:void flatbuffers::FlatBufferBuilder::AddOffset(flatbuffers::voffset_t, flatbuffers::Offset<T>) [with T = tflite::QuantizationParameters]	24	static
flatbuffers.h:1144:29:void flatbuffers::FlatBufferBuilder::AddOffset(flatbuffers::voffset_t, flatbuffers::Offset<T>) [with T = tflite::SparsityParameters]	24	static
flatbuffers.h:46:3:flatbuffers::Offset<T>::Offset(flatbuffers::uoffset_t) [with T = tflite::Tensor]	16	static
flatbuffers.h:46:3:flatbuffers::Offset<T>::Offset(flatbuffers::uoffset_t) [with T = tflite::OperatorCode]	16	static
flatbuffers.h:46:3:flatbuffers::Offset<T>::Offset(flatbuffers::uoffset_t) [with T = tflite::Operator]	16	static
flatbuffers.h:1144:29:void flatbuffers::FlatBufferBuilder::AddOffset(flatbuffers::voffset_t, flatbuffers::Offset<T>) [with T = flatbuffers::Vector<flatbuffers::Offset<tflite::Tensor> >]	24	static
flatbuffers.h:1144:29:void flatbuffers::FlatBufferBuilder::AddOffset(flatbuffers::voffset_t, flatbuffers::Offset<T>) [with T = flatbuffers::Vector<flatbuffers::Offset<tflite::Operator> >]	24	static
flatbuffers.h:46:3:flatbuffers::Offset<T>::Offset(flatbuffers::uoffset_t) [with T = tflite::SubGraph]	16	static
flatbuffers.h:46:3:flatbuffers::Offset<T>::Offset(flatbuffers::uoffset_t) [with T = flatbuffers::Vector<flatbuffers::Offset<tflite::Tensor> >]	16	static
flatbuffers.h:46:3:flatbuffers::Offset<T>::Offset(flatbuffers::uoffset_t) [with T = flatbuffers::Vector<flatbuffers::Offset<tflite::Operator> >]	16	static
flatbuffers.h:46:3:flatbuffers::Offset<T>::Offset(flatbuffers::uoffset_t) [with T = tflite::Buffer]	16	static
flatbuffers.h:1144:29:void flatbuffers::FlatBufferBuilder::AddOffset(flatbuffers::voffset_t, flatbuffers::Offset<T>) [with T = flatbuffers::Vector<flatbuffers::Offset<tflite::OperatorCode> >]	24	static
flatbuffers.h:1144:29:void flatbuffers::FlatBufferBuilder::AddOffset(flatbuffers::voffset_t, flatbuffers::Offset<T>) [with T = flatbuffers::Vector<flatbuffers::Offset<tflite::SubGraph> >]	24	static
flatbuffers.h:1144:29:void flatbuffers::FlatBufferBuilder::AddOffset(flatbuffers::voffset_t, flatbuffers::Offset<T>) [with T = flatbuffers::Vector<flatbuffers::Offset<tflite::Buffer> >]	24	static
flatbuffers.h:1144:29:void flatbuffers::FlatBufferBuilder::AddOffset(flatbuffers::voffset_t, flatbuffers::Offset<T>) [with T = flatbuffers::Vector<flatbuffers::Offset<tflite::Metadata> >]	24	static
flatbuffers.h:46:3:flatbuffers::Offset<T>::Offset(flatbuffers::uoffset_t) [with T = tflite::Model]	16	static
flatbuffers.h:46:3:flatbuffers::Offset<T>::Offset(flatbuffers::uoffset_t) [with T = flatbuffers::Vector<flatbuffers::Offset<tflite::OperatorCode> >]	16	static
flatbuffers.h:46:3:flatbuffers::Offset<T>::Offset(flatbuffers::uoffset_t) [with T = flatbuffers::Vector<flatbuffers::Offset<tflite::SubGraph> >]	16	static
flatbuffers.h:46:3:flatbuffers::Offset<T>::Offset(flatbuffers::uoffset_t) [with T = flatbuffers::Vector<flatbuffers::Offset<tflite::Buffer> >]	16	static
flatbuffers.h:46:3:flatbuffers::Offset<T>::Offset(flatbuffers::uoffset_t) [with T = flatbuffers::Vector<flatbuffers::Offset<tflite::Metadata> >]	16	static
stl_vector.h:805:7:std::vector<_Tp, _Alloc>::size_type std::vector<_Tp, _Alloc>::size() const [with _Tp = float; _Alloc = std::allocator<float>]	16	static
stl_vector.h:805:7:std::vector<_Tp, _Alloc>::size_type std::vector<_Tp, _Alloc>::size() const [with _Tp = long long int; _Alloc = std::allocator<long long int>]	16	static
flatbuffers.h:46:3:flatbuffers::Offset<T>::Offset(flatbuffers::uoffset_t) [with T = void]	16	static
flatbuffers.h:1930:31:const T* flatbuffers::GetRoot(const void*) [with T = tflite::Model]	16	static
flatbuffers.h:1819:8:void flatbuffers::FlatBufferBuilder::Finish(flatbuffers::Offset<T>, const char*) [with T = tflite::Model]	24	static
flatbuffers.h:1443:42:flatbuffers::Offset<flatbuffers::Vector<T> > flatbuffers::FlatBufferBuilder::CreateVector(const T*, size_t) [with T = unsigned char]	32	static
flatbuffers.h:1443:42:flatbuffers::Offset<flatbuffers::Vector<T> > flatbuffers::FlatBufferBuilder::CreateVector(const T*, size_t) [with T = long int]	32	static
flatbuffers.h:1465:29:flatbuffers::Offset<flatbuffers::Vector<flatbuffers::Offset<T> > > flatbuffers::FlatBufferBuilder::CreateVector(const flatbuffers::Offset<T>*, size_t) [with T = tflite::Tensor]	32	static
flatbuffers.h:1465:29:flatbuffers::Offset<flatbuffers::Vector<flatbuffers::Offset<T> > > flatbuffers::FlatBufferBuilder::CreateVector(const flatbuffers::Offset<T>*, size_t) [with T = tflite::Operator]	32	static
flatbuffers.h:1465:29:flatbuffers::Offset<flatbuffers::Vector<flatbuffers::Offset<T> > > flatbuffers::FlatBufferBuilder::CreateVector(const flatbuffers::Offset<T>*, size_t) [with T = tflite::OperatorCode]	32	static
flatbuffers.h:1465:29:flatbuffers::Offset<flatbuffers::Vector<flatbuffers::Offset<T> > > flatbuffers::FlatBufferBuilder::CreateVector(const flatbuffers::Offset<T>*, size_t) [with T = tflite::SubGraph]	32	static
flatbuffers.h:1465:29:flatbuffers::Offset<flatbuffers::Vector<flatbuffers::Offset<T> > > flatbuffers::FlatBufferBuilder::CreateVector(const flatbuffers::Offset<T>*, size_t) [with T = tflite::Buffer]	32	static
flatbuffers.h:45:3:flatbuffers::Offset<T>::Offset() [with T = tflite::Operator]	16	static
flatbuffers.h:1819:8:void flatbuffers::FlatBufferBuilder::Finish(flatbuffers::Offset<T>, const char*) [with T = tflite::Tensor]	24	static
flatbuffers.h:1930:31:const T* flatbuffers::GetRoot(const void*) [with T = tflite::Tensor]	16	static
allocator.h:131:7:std::allocator< <template-parameter-1-1> >::allocator() [with _Tp = float]	16	static
allocator.h:139:7:std::allocator< <template-parameter-1-1> >::~allocator() [with _Tp = float]	16	static
initializer_list:75:7:constexpr const _E* std::initializer_list<_E>::begin() const [with _E = float]	16	static
initializer_list:79:7:constexpr const _E* std::initializer_list<_E>::end() const [with _E = float]	24	static
stl_vector.h:515:7:std::vector<_Tp, _Alloc>::vector(std::initializer_list<_Tp>, const allocator_type&) [with _Tp = float; _Alloc = std::allocator<float>]	40	static
allocator.h:131:7:std::allocator< <template-parameter-1-1> >::allocator() [with _Tp = long long int]	16	static
allocator.h:139:7:std::allocator< <template-parameter-1-1> >::~allocator() [with _Tp = long long int]	16	static
initializer_list:75:7:constexpr const _E* std::initializer_list<_E>::begin() const [with _E = long long int]	16	static
initializer_list:79:7:constexpr const _E* std::initializer_list<_E>::end() const [with _E = long long int]	24	static
stl_vector.h:515:7:std::vector<_Tp, _Alloc>::vector(std::initializer_list<_Tp>, const allocator_type&) [with _Tp = long long int; _Alloc = std::allocator<long long int>]	40	static
flatbuffers.h:1819:8:void flatbuffers::FlatBufferBuilder::Finish(flatbuffers::Offset<T>, const char*) [with T = flatbuffers::Vector<flatbuffers::Offset<tflite::Buffer> >]	24	static
flatbuffers.h:1930:31:const T* flatbuffers::GetRoot(const void*) [with T = flatbuffers::Vector<flatbuffers::Offset<tflite::Buffer> >]	16	static
flatbuffers.h:1108:29:void flatbuffers::FlatBufferBuilder::AssertScalarT() [with T = long int]	16	static
base.h:344:24:T flatbuffers::EndianScalar(T) [with T = long int]	16	static
flatbuffers.h:808:29:void flatbuffers::vector_downward::push_small(const T&) [with T = long int]	16	static
base.h:344:24:T flatbuffers::EndianScalar(T) [with T = short unsigned int]	16	static
flatbuffers.h:1108:29:void flatbuffers::FlatBufferBuilder::AssertScalarT() [with T = long unsigned int]	16	static
flatbuffers.h:808:29:void flatbuffers::vector_downward::push_small(const T&) [with T = long unsigned int]	16	static
flatbuffers.h:1108:29:void flatbuffers::FlatBufferBuilder::AssertScalarT() [with T = unsigned char]	16	static
base.h:344:24:T flatbuffers::EndianScalar(T) [with T = unsigned char]	16	static
flatbuffers.h:808:29:void flatbuffers::vector_downward::push_small(const T&) [with T = unsigned char]	16	static
flatbuffers.h:48:8:bool flatbuffers::Offset<T>::IsNull() const [with T = flatbuffers::Vector<unsigned char>]	16	static
stl_vector.h:88:14:std::_Vector_base<float, std::allocator<float> >::_Vector_impl::~_Vector_impl()	16	static
stl_vector.h:283:7:std::_Vector_base<_Tp, _Alloc>::~_Vector_base() [with _Tp = float; _Alloc = std::allocator<float>]	16	static
stl_vector.h:237:7:std::_Vector_base<_Tp, _Alloc>::_Tp_alloc_type& std::_Vector_base<_Tp, _Alloc>::_M_get_Tp_allocator() [with _Tp = float; _Alloc = std::allocator<float>]	16	static
stl_construct.h:203:5:void std::_Destroy(_ForwardIterator, _ForwardIterator, std::allocator<_T2>&) [with _ForwardIterator = float*; _Tp = float]	24	static
stl_vector.h:88:14:std::_Vector_base<long long int, std::allocator<long long int> >::_Vector_impl::~_Vector_impl()	16	static
stl_vector.h:283:7:std::_Vector_base<_Tp, _Alloc>::~_Vector_base() [with _Tp = long long int; _Alloc = std::allocator<long long int>]	16	static
stl_vector.h:237:7:std::_Vector_base<_Tp, _Alloc>::_Tp_alloc_type& std::_Vector_base<_Tp, _Alloc>::_M_get_Tp_allocator() [with _Tp = long long int; _Alloc = std::allocator<long long int>]	16	static
stl_construct.h:203:5:void std::_Destroy(_ForwardIterator, _ForwardIterator, std::allocator<_T2>&) [with _ForwardIterator = long long int*; _Tp = long long int]	24	static
flatbuffers.h:48:8:bool flatbuffers::Offset<T>::IsNull() const [with T = flatbuffers::Vector<float>]	16	static
flatbuffers.h:48:8:bool flatbuffers::Offset<T>::IsNull() const [with T = flatbuffers::Vector<long long int>]	16	static
flatbuffers.h:28:34:bool flatbuffers::IsTheSameAs(T, T) [with T = unsigned char]	16	static
flatbuffers.h:48:8:bool flatbuffers::Offset<T>::IsNull() const [with T = void]	16	static
flatbuffers.h:28:34:bool flatbuffers::IsTheSameAs(T, T) [with T = long int]	16	static
flatbuffers.h:892:10:const T* flatbuffers::data(const std::vector<_Tp, _Alloc>&) [with T = float; Alloc = std::allocator<float>]	16	static
flatbuffers.h:1443:42:flatbuffers::Offset<flatbuffers::Vector<T> > flatbuffers::FlatBufferBuilder::CreateVector(const T*, size_t) [with T = float]	32	static
flatbuffers.h:892:10:const T* flatbuffers::data(const std::vector<_Tp, _Alloc>&) [with T = long long int; Alloc = std::allocator<long long int>]	16	static
flatbuffers.h:1443:42:flatbuffers::Offset<flatbuffers::Vector<T> > flatbuffers::FlatBufferBuilder::CreateVector(const T*, size_t) [with T = long long int]	32	static
flatbuffers.h:48:8:bool flatbuffers::Offset<T>::IsNull() const [with T = flatbuffers::Vector<long int>]	16	static
flatbuffers.h:28:34:bool flatbuffers::IsTheSameAs(T, T) [with T = signed char]	16	static
flatbuffers.h:1114:34:flatbuffers::uoffset_t flatbuffers::FlatBufferBuilder::PushElement(T) [with T = signed char]	24	static
flatbuffers.h:28:34:bool flatbuffers::IsTheSameAs(T, T) [with T = long unsigned int]	16	static
flatbuffers.h:48:8:bool flatbuffers::Offset<T>::IsNull() const [with T = flatbuffers::String]	16	static
flatbuffers.h:48:8:bool flatbuffers::Offset<T>::IsNull() const [with T = tflite::QuantizationParameters]	16	static
flatbuffers.h:48:8:bool flatbuffers::Offset<T>::IsNull() const [with T = tflite::SparsityParameters]	16	static
flatbuffers.h:48:8:bool flatbuffers::Offset<T>::IsNull() const [with T = flatbuffers::Vector<flatbuffers::Offset<tflite::Tensor> >]	16	static
flatbuffers.h:48:8:bool flatbuffers::Offset<T>::IsNull() const [with T = flatbuffers::Vector<flatbuffers::Offset<tflite::Operator> >]	16	static
flatbuffers.h:48:8:bool flatbuffers::Offset<T>::IsNull() const [with T = flatbuffers::Vector<flatbuffers::Offset<tflite::OperatorCode> >]	16	static
flatbuffers.h:48:8:bool flatbuffers::Offset<T>::IsNull() const [with T = flatbuffers::Vector<flatbuffers::Offset<tflite::SubGraph> >]	16	static
flatbuffers.h:48:8:bool flatbuffers::Offset<T>::IsNull() const [with T = flatbuffers::Vector<flatbuffers::Offset<tflite::Buffer> >]	16	static
flatbuffers.h:48:8:bool flatbuffers::Offset<T>::IsNull() const [with T = flatbuffers::Vector<flatbuffers::Offset<tflite::Metadata> >]	16	static
flatbuffers.h:1923:25:T* flatbuffers::GetMutableRoot(void*) [with T = tflite::Model]	16	static
flatbuffers.h:1122:34:flatbuffers::uoffset_t flatbuffers::FlatBufferBuilder::PushElement(flatbuffers::Offset<T>) [with T = tflite::Tensor]	16	static
flatbuffers.h:1122:34:flatbuffers::uoffset_t flatbuffers::FlatBufferBuilder::PushElement(flatbuffers::Offset<T>) [with T = tflite::Operator]	16	static
flatbuffers.h:1122:34:flatbuffers::uoffset_t flatbuffers::FlatBufferBuilder::PushElement(flatbuffers::Offset<T>) [with T = tflite::OperatorCode]	16	static
flatbuffers.h:1122:34:flatbuffers::uoffset_t flatbuffers::FlatBufferBuilder::PushElement(flatbuffers::Offset<T>) [with T = tflite::SubGraph]	16	static
flatbuffers.h:1122:34:flatbuffers::uoffset_t flatbuffers::FlatBufferBuilder::PushElement(flatbuffers::Offset<T>) [with T = tflite::Buffer]	16	static
flatbuffers.h:1923:25:T* flatbuffers::GetMutableRoot(void*) [with T = tflite::Tensor]	16	static
new_allocator.h:79:7:__gnu_cxx::new_allocator<_Tp>::new_allocator() [with _Tp = float]	16	static
new_allocator.h:86:7:__gnu_cxx::new_allocator<_Tp>::~new_allocator() [with _Tp = float]	16	static
stl_vector.h:251:7:std::_Vector_base<_Tp, _Alloc>::_Vector_base(const allocator_type&) [with _Tp = float; _Alloc = std::allocator<float>]	16	static
initializer_list:71:7:constexpr std::initializer_list<_E>::size_type std::initializer_list<_E>::size() const [with _E = float]	16	static
stl_vector.h:1462:2:void std::vector<_Tp, _Alloc>::_M_range_initialize(_ForwardIterator, _ForwardIterator, std::forward_iterator_tag) [with _ForwardIterator = const float*; _Tp = float; _Alloc = std::allocator<float>]	40	static
new_allocator.h:79:7:__gnu_cxx::new_allocator<_Tp>::new_allocator() [with _Tp = long long int]	16	static
new_allocator.h:86:7:__gnu_cxx::new_allocator<_Tp>::~new_allocator() [with _Tp = long long int]	16	static
stl_vector.h:251:7:std::_Vector_base<_Tp, _Alloc>::_Vector_base(const allocator_type&) [with _Tp = long long int; _Alloc = std::allocator<long long int>]	16	static
initializer_list:71:7:constexpr std::initializer_list<_E>::size_type std::initializer_list<_E>::size() const [with _E = long long int]	16	static
stl_vector.h:1462:2:void std::vector<_Tp, _Alloc>::_M_range_initialize(_ForwardIterator, _ForwardIterator, std::forward_iterator_tag) [with _ForwardIterator = const long long int*; _Tp = long long int; _Alloc = std::allocator<long long int>]	40	static
flatbuffers.h:1923:25:T* flatbuffers::GetMutableRoot(void*) [with T = flatbuffers::Vector<flatbuffers::Offset<tflite::Buffer> >]	16	static
stl_vector.h:300:7:void std::_Vector_base<_Tp, _Alloc>::_M_deallocate(std::_Vector_base<_Tp, _Alloc>::pointer, std::size_t) [with _Tp = float; _Alloc = std::allocator<float>]	24	static
stl_construct.h:127:5:void std::_Destroy(_ForwardIterator, _ForwardIterator) [with _ForwardIterator = float*]	16	static
stl_vector.h:300:7:void std::_Vector_base<_Tp, _Alloc>::_M_deallocate(std::_Vector_base<_Tp, _Alloc>::pointer, std::size_t) [with _Tp = long long int; _Alloc = std::allocator<long long int>]	24	static
stl_construct.h:127:5:void std::_Destroy(_ForwardIterator, _ForwardIterator) [with _ForwardIterator = long long int*]	16	static
stl_vector.h:894:7:bool std::vector<_Tp, _Alloc>::empty() const [with _Tp = float; _Alloc = std::allocator<float>]	24	static
stl_vector.h:1019:7:std::vector<_Tp, _Alloc>::const_reference std::vector<_Tp, _Alloc>::front() const [with _Tp = float; _Alloc = std::allocator<float>]	24	static
flatbuffers.h:1108:29:void flatbuffers::FlatBufferBuilder::AssertScalarT() [with T = float]	16	static
stl_vector.h:894:7:bool std::vector<_Tp, _Alloc>::empty() const [with _Tp = long long int; _Alloc = std::allocator<long long int>]	24	static
stl_vector.h:1019:7:std::vector<_Tp, _Alloc>::const_reference std::vector<_Tp, _Alloc>::front() const [with _Tp = long long int; _Alloc = std::allocator<long long int>]	24	static
flatbuffers.h:1108:29:void flatbuffers::FlatBufferBuilder::AssertScalarT() [with T = long long int]	16	static
base.h:344:24:T flatbuffers::EndianScalar(T) [with T = signed char]	16	static
flatbuffers.h:1108:29:void flatbuffers::FlatBufferBuilder::AssertScalarT() [with T = signed char]	16	static
flatbuffers.h:808:29:void flatbuffers::vector_downward::push_small(const T&) [with T = signed char]	16	static
stl_vector.h:293:7:std::_Vector_base<_Tp, _Alloc>::pointer std::_Vector_base<_Tp, _Alloc>::_M_allocate(std::size_t) [with _Tp = float; _Alloc = std::allocator<float>]	16	static
stl_vector.h:293:7:std::_Vector_base<_Tp, _Alloc>::pointer std::_Vector_base<_Tp, _Alloc>::_M_allocate(std::size_t) [with _Tp = long long int; _Alloc = std::allocator<long long int>]	16	static
stl_vector.h:99:2:std::_Vector_base<_Tp, _Alloc>::_Vector_impl::_Vector_impl(const _Tp_alloc_type&) [with _Tp = float; _Alloc = std::allocator<float>]	16	static
stl_iterator_base_types.h:205:5:constexpr typename std::iterator_traits<_Iterator>::iterator_category std::__iterator_category(const _Iter&) [with _Iter = const float*]	16	static
stl_iterator_base_funcs.h:138:5:typename std::iterator_traits<_Iterator>::difference_type std::distance(_InputIterator, _InputIterator) [with _InputIterator = const float*]	32	static
stl_uninitialized.h:287:5:_ForwardIterator std::__uninitialized_copy_a(_InputIterator, _InputIterator, _ForwardIterator, std::allocator<_Tp>&) [with _InputIterator = const float*; _ForwardIterator = float*; _Tp = float]	24	static
stl_vector.h:99:2:std::_Vector_base<_Tp, _Alloc>::_Vector_impl::_Vector_impl(const _Tp_alloc_type&) [with _Tp = long long int; _Alloc = std::allocator<long long int>]	16	static
stl_iterator_base_types.h:205:5:constexpr typename std::iterator_traits<_Iterator>::iterator_category std::__iterator_category(const _Iter&) [with _Iter = const long long int*]	16	static
stl_iterator_base_funcs.h:138:5:typename std::iterator_traits<_Iterator>::difference_type std::distance(_InputIterator, _InputIterator) [with _InputIterator = const long long int*]	32	static
stl_uninitialized.h:287:5:_ForwardIterator std::__uninitialized_copy_a(_InputIterator, _InputIterator, _ForwardIterator, std::allocator<_Tp>&) [with _InputIterator = const long long int*; _ForwardIterator = long long int*; _Tp = long long int]	24	static
alloc_traits.h:461:7:static void std::allocator_traits<std::allocator<_CharT> >::deallocate(std::allocator_traits<std::allocator<_CharT> >::allocator_type&, std::allocator_traits<std::allocator<_CharT> >::pointer, std::allocator_traits<std::allocator<_CharT> >::size_type) [with _Tp = float]	24	static
stl_construct.h:117:9:static void std::_Destroy_aux<true>::__destroy(_ForwardIterator, _ForwardIterator) [with _ForwardIterator = float*]	16	static
alloc_traits.h:461:7:static void std::allocator_traits<std::allocator<_CharT> >::deallocate(std::allocator_traits<std::allocator<_CharT> >::allocator_type&, std::allocator_traits<std::allocator<_CharT> >::pointer, std::allocator_traits<std::allocator<_CharT> >::size_type) [with _Tp = long long int]	24	static
stl_construct.h:117:9:static void std::_Destroy_aux<true>::__destroy(_ForwardIterator, _ForwardIterator) [with _ForwardIterator = long long int*]	16	static
stl_vector.h:707:7:std::vector<_Tp, _Alloc>::const_iterator std::vector<_Tp, _Alloc>::begin() const [with _Tp = float; _Alloc = std::allocator<float>]	24	static
stl_vector.h:725:7:std::vector<_Tp, _Alloc>::const_iterator std::vector<_Tp, _Alloc>::end() const [with _Tp = float; _Alloc = std::allocator<float>]	24	static
stl_iterator.h:870:5:bool __gnu_cxx::operator==(const __gnu_cxx::__normal_iterator<_Iterator, _Container>&, const __gnu_cxx::__normal_iterator<_Iterator, _Container>&) [with _Iterator = const float*; _Container = std::vector<float>]	24	static
stl_iterator.h:796:7:__gnu_cxx::__normal_iterator<_Iterator, _Container>::reference __gnu_cxx::__normal_iterator<_Iterator, _Container>::operator*() const [with _Iterator = const float*; _Container = std::vector<float>]	16	static
stl_vector.h:707:7:std::vector<_Tp, _Alloc>::const_iterator std::vector<_Tp, _Alloc>::begin() const [with _Tp = long long int; _Alloc = std::allocator<long long int>]	24	static
stl_vector.h:725:7:std::vector<_Tp, _Alloc>::const_iterator std::vector<_Tp, _Alloc>::end() const [with _Tp = long long int; _Alloc = std::allocator<long long int>]	24	static
stl_iterator.h:870:5:bool __gnu_cxx::operator==(const __gnu_cxx::__normal_iterator<_Iterator, _Container>&, const __gnu_cxx::__normal_iterator<_Iterator, _Container>&) [with _Iterator = const long long int*; _Container = std::vector<long long int>]	24	static
stl_iterator.h:796:7:__gnu_cxx::__normal_iterator<_Iterator, _Container>::reference __gnu_cxx::__normal_iterator<_Iterator, _Container>::operator*() const [with _Iterator = const long long int*; _Container = std::vector<long long int>]	16	static
alloc_traits.h:435:7:static _Tp* std::allocator_traits<std::allocator<_CharT> >::allocate(std::allocator_traits<std::allocator<_CharT> >::allocator_type&, std::allocator_traits<std::allocator<_CharT> >::size_type) [with _Tp = float]	16	static
alloc_traits.h:435:7:static _Tp* std::allocator_traits<std::allocator<_CharT> >::allocate(std::allocator_traits<std::allocator<_CharT> >::allocator_type&, std::allocator_traits<std::allocator<_CharT> >::size_type) [with _Tp = long long int]	16	static
allocator.h:133:7:std::allocator< <template-parameter-1-1> >::allocator(const std::allocator< <template-parameter-1-1> >&) [with _Tp = float]	16	static
stl_iterator_base_funcs.h:98:5:typename std::iterator_traits<_Iterator>::difference_type std::__distance(_RandomAccessIterator, _RandomAccessIterator, std::random_access_iterator_tag) [with _RandomAccessIterator = const float*]	24	static
stl_uninitialized.h:115:5:_ForwardIterator std::uninitialized_copy(_InputIterator, _InputIterator, _ForwardIterator) [with _InputIterator = const float*; _ForwardIterator = float*]	32	static
allocator.h:133:7:std::allocator< <template-parameter-1-1> >::allocator(const std::allocator< <template-parameter-1-1> >&) [with _Tp = long long int]	16	static
stl_iterator_base_funcs.h:98:5:typename std::iterator_traits<_Iterator>::difference_type std::__distance(_RandomAccessIterator, _RandomAccessIterator, std::random_access_iterator_tag) [with _RandomAccessIterator = const long long int*]	24	static
stl_uninitialized.h:115:5:_ForwardIterator std::uninitialized_copy(_InputIterator, _InputIterator, _ForwardIterator) [with _InputIterator = const long long int*; _ForwardIterator = long long int*]	32	static
new_allocator.h:116:7:void __gnu_cxx::new_allocator<_Tp>::deallocate(__gnu_cxx::new_allocator<_Tp>::pointer, __gnu_cxx::new_allocator<_Tp>::size_type) [with _Tp = float]	24	static
new_allocator.h:116:7:void __gnu_cxx::new_allocator<_Tp>::deallocate(__gnu_cxx::new_allocator<_Tp>::pointer, __gnu_cxx::new_allocator<_Tp>::size_type) [with _Tp = long long int]	24	static
stl_iterator.h:783:7:__gnu_cxx::__normal_iterator<_Iterator, _Container>::__normal_iterator(const _Iterator&) [with _Iterator = const float*; _Container = std::vector<float>]	16	static
stl_iterator.h:848:7:const _Iterator& __gnu_cxx::__normal_iterator<_Iterator, _Container>::base() const [with _Iterator = const float*; _Container = std::vector<float>]	16	static
stl_iterator.h:783:7:__gnu_cxx::__normal_iterator<_Iterator, _Container>::__normal_iterator(const _Iterator&) [with _Iterator = const long long int*; _Container = std::vector<long long int>]	16	static
stl_iterator.h:848:7:const _Iterator& __gnu_cxx::__normal_iterator<_Iterator, _Container>::base() const [with _Iterator = const long long int*; _Container = std::vector<long long int>]	16	static
new_allocator.h:129:7:__gnu_cxx::new_allocator<_Tp>::size_type __gnu_cxx::new_allocator<_Tp>::max_size() const [with _Tp = float]	16	static
new_allocator.h:99:7:_Tp* __gnu_cxx::new_allocator<_Tp>::allocate(__gnu_cxx::new_allocator<_Tp>::size_type, const void*) [with _Tp = float]	24	static
new_allocator.h:129:7:__gnu_cxx::new_allocator<_Tp>::size_type __gnu_cxx::new_allocator<_Tp>::max_size() const [with _Tp = long long int]	16	static
new_allocator.h:99:7:_Tp* __gnu_cxx::new_allocator<_Tp>::allocate(__gnu_cxx::new_allocator<_Tp>::size_type, const void*) [with _Tp = long long int]	24	static
new_allocator.h:81:7:__gnu_cxx::new_allocator<_Tp>::new_allocator(const __gnu_cxx::new_allocator<_Tp>&) [with _Tp = float]	16	static
stl_uninitialized.h:99:9:static _ForwardIterator std::__uninitialized_copy<true>::__uninit_copy(_InputIterator, _InputIterator, _ForwardIterator) [with _InputIterator = const float*; _ForwardIterator = float*]	24	static
new_allocator.h:81:7:__gnu_cxx::new_allocator<_Tp>::new_allocator(const __gnu_cxx::new_allocator<_Tp>&) [with _Tp = long long int]	16	static
stl_uninitialized.h:99:9:static _ForwardIterator std::__uninitialized_copy<true>::__uninit_copy(_InputIterator, _InputIterator, _ForwardIterator) [with _InputIterator = const long long int*; _ForwardIterator = long long int*]	24	static
stl_algobase.h:446:5:_OI std::copy(_II, _II, _OI) [with _II = const float*; _OI = float*]	32	static
stl_algobase.h:446:5:_OI std::copy(_II, _II, _OI) [with _II = const long long int*; _OI = long long int*]	32	static
stl_algobase.h:277:5:_Iterator std::__niter_base(_Iterator) [with _Iterator = float*]	16	static
stl_algobase.h:277:5:_Iterator std::__niter_base(_Iterator) [with _Iterator = long long int*]	16	static
cpp_type_traits.h:419:5:_Iterator std::__miter_base(_Iterator) [with _Iterator = const float*]	16	static
stl_algobase.h:420:5:_OI std::__copy_move_a2(_II, _II, _OI) [with bool _IsMove = false; _II = const float*; _OI = float*]	32	static
cpp_type_traits.h:419:5:_Iterator std::__miter_base(_Iterator) [with _Iterator = const long long int*]	16	static
stl_algobase.h:420:5:_OI std::__copy_move_a2(_II, _II, _OI) [with bool _IsMove = false; _II = const long long int*; _OI = long long int*]	32	static
stl_algobase.h:277:5:_Iterator std::__niter_base(_Iterator) [with _Iterator = const float*]	16	static
stl_algobase.h:375:5:_OI std::__copy_move_a(_II, _II, _OI) [with bool _IsMove = false; _II = const float*; _OI = float*]	32	static
stl_algobase.h:277:5:_Iterator std::__niter_base(_Iterator) [with _Iterator = const long long int*]	16	static
stl_algobase.h:375:5:_OI std::__copy_move_a(_II, _II, _OI) [with bool _IsMove = false; _II = const long long int*; _OI = long long int*]	32	static
stl_algobase.h:357:2:static _Tp* std::__copy_move<_IsMove, true, std::random_access_iterator_tag>::__copy_m(const _Tp*, const _Tp*, _Tp*) [with _Tp = float; bool _IsMove = false]	32	static
stl_algobase.h:357:2:static _Tp* std::__copy_move<_IsMove, true, std::random_access_iterator_tag>::__copy_m(const _Tp*, const _Tp*, _Tp*) [with _Tp = long long int; bool _IsMove = false]	32	static
test_helpers.cc:26:7:tflite::testing::{anonymous}::StackAllocator::~StackAllocator()	16	static
test_helpers.cc:26:7:virtual tflite::testing::{anonymous}::StackAllocator::~StackAllocator()	16	static
flatbuffers.h:476:7:flatbuffers::DefaultAllocator::~DefaultAllocator()	16	static
flatbuffers.h:476:7:virtual flatbuffers::DefaultAllocator::~DefaultAllocator()	16	static
