startup_mimxrt1011.cpp:380:6:void data_init(unsigned int, unsigned int, unsigned int)	4	static
startup_mimxrt1011.cpp:389:6:void bss_init(unsigned int, unsigned int)	0	static
startup_mimxrt1011.cpp:414:6:void ResetISR()	8	static
startup_mimxrt1011.cpp:507:14:void NMI_Handler()	0	static
startup_mimxrt1011.cpp:511:14:void HardFault_Handler()	0	static
startup_mimxrt1011.cpp:515:14:void SVC_Handler()	0	static
startup_mimxrt1011.cpp:519:14:void PendSV_Handler()	0	static
startup_mimxrt1011.cpp:523:14:void SysTick_Handler()	0	static
startup_mimxrt1011.cpp:531:14:void IntDefaultHandler()	0	static
startup_mimxrt1011.cpp:541:11:void DMA0_IRQHandler()	8	static
startup_mimxrt1011.cpp:545:11:void DMA1_IRQHandler()	8	static
startup_mimxrt1011.cpp:549:11:void DMA2_IRQHandler()	8	static
startup_mimxrt1011.cpp:553:11:void DMA3_IRQHandler()	8	static
startup_mimxrt1011.cpp:557:11:void DMA4_IRQHandler()	8	static
startup_mimxrt1011.cpp:561:11:void DMA5_IRQHandler()	8	static
startup_mimxrt1011.cpp:565:11:void DMA6_IRQHandler()	8	static
startup_mimxrt1011.cpp:569:11:void DMA7_IRQHandler()	8	static
startup_mimxrt1011.cpp:573:11:void DMA8_IRQHandler()	8	static
startup_mimxrt1011.cpp:577:11:void DMA9_IRQHandler()	8	static
startup_mimxrt1011.cpp:581:11:void DMA10_IRQHandler()	8	static
startup_mimxrt1011.cpp:585:11:void DMA11_IRQHandler()	8	static
startup_mimxrt1011.cpp:589:11:void DMA12_IRQHandler()	8	static
startup_mimxrt1011.cpp:593:11:void DMA13_IRQHandler()	8	static
startup_mimxrt1011.cpp:597:11:void DMA14_IRQHandler()	8	static
startup_mimxrt1011.cpp:601:11:void DMA15_IRQHandler()	8	static
startup_mimxrt1011.cpp:605:11:void DMA_ERROR_IRQHandler()	8	static
startup_mimxrt1011.cpp:609:11:void CTI0_ERROR_IRQHandler()	8	static
startup_mimxrt1011.cpp:613:11:void CTI1_ERROR_IRQHandler()	8	static
startup_mimxrt1011.cpp:617:11:void CORE_IRQHandler()	8	static
startup_mimxrt1011.cpp:621:11:void LPUART1_IRQHandler()	8	static
startup_mimxrt1011.cpp:625:11:void LPUART2_IRQHandler()	8	static
startup_mimxrt1011.cpp:629:11:void LPUART3_IRQHandler()	8	static
startup_mimxrt1011.cpp:633:11:void LPUART4_IRQHandler()	8	static
startup_mimxrt1011.cpp:637:11:void PIT_IRQHandler()	8	static
startup_mimxrt1011.cpp:641:11:void USB_OTG1_IRQHandler()	8	static
startup_mimxrt1011.cpp:645:11:void FLEXSPI_IRQHandler()	8	static
startup_mimxrt1011.cpp:649:11:void FLEXRAM_IRQHandler()	8	static
startup_mimxrt1011.cpp:653:11:void LPI2C1_IRQHandler()	8	static
startup_mimxrt1011.cpp:657:11:void LPI2C2_IRQHandler()	8	static
startup_mimxrt1011.cpp:661:11:void GPT1_IRQHandler()	8	static
startup_mimxrt1011.cpp:665:11:void GPT2_IRQHandler()	8	static
startup_mimxrt1011.cpp:669:11:void LPSPI1_IRQHandler()	8	static
startup_mimxrt1011.cpp:673:11:void LPSPI2_IRQHandler()	8	static
startup_mimxrt1011.cpp:677:11:void PWM1_0_IRQHandler()	8	static
startup_mimxrt1011.cpp:681:11:void PWM1_1_IRQHandler()	8	static
startup_mimxrt1011.cpp:685:11:void PWM1_2_IRQHandler()	8	static
startup_mimxrt1011.cpp:689:11:void PWM1_3_IRQHandler()	8	static
startup_mimxrt1011.cpp:693:11:void PWM1_FAULT_IRQHandler()	8	static
startup_mimxrt1011.cpp:697:11:void KPP_IRQHandler()	8	static
startup_mimxrt1011.cpp:701:11:void SRC_IRQHandler()	8	static
startup_mimxrt1011.cpp:705:11:void GPR_IRQ_IRQHandler()	8	static
startup_mimxrt1011.cpp:709:11:void CCM_1_IRQHandler()	8	static
startup_mimxrt1011.cpp:713:11:void CCM_2_IRQHandler()	8	static
startup_mimxrt1011.cpp:717:11:void EWM_IRQHandler()	8	static
startup_mimxrt1011.cpp:721:11:void WDOG2_IRQHandler()	8	static
startup_mimxrt1011.cpp:725:11:void SNVS_HP_WRAPPER_IRQHandler()	8	static
startup_mimxrt1011.cpp:729:11:void SNVS_HP_WRAPPER_TZ_IRQHandler()	8	static
startup_mimxrt1011.cpp:733:11:void SNVS_LP_WRAPPER_IRQHandler()	8	static
startup_mimxrt1011.cpp:737:11:void CSU_IRQHandler()	8	static
startup_mimxrt1011.cpp:741:11:void DCP_IRQHandler()	8	static
startup_mimxrt1011.cpp:745:11:void DCP_VMI_IRQHandler()	8	static
startup_mimxrt1011.cpp:749:11:void Reserved68_IRQHandler()	8	static
startup_mimxrt1011.cpp:753:11:void TRNG_IRQHandler()	8	static
startup_mimxrt1011.cpp:757:11:void Reserved70_IRQHandler()	8	static
startup_mimxrt1011.cpp:761:11:void Reserved71_IRQHandler()	8	static
startup_mimxrt1011.cpp:765:11:void SAI1_IRQHandler()	8	static
startup_mimxrt1011.cpp:769:11:void RTWDOG_IRQHandler()	8	static
startup_mimxrt1011.cpp:773:11:void SAI3_RX_IRQHandler()	8	static
startup_mimxrt1011.cpp:777:11:void SAI3_TX_IRQHandler()	8	static
startup_mimxrt1011.cpp:781:11:void SPDIF_IRQHandler()	8	static
startup_mimxrt1011.cpp:785:11:void PMU_IRQHandler()	8	static
startup_mimxrt1011.cpp:789:11:void XBAR1_IRQ_0_1_2_3_IRQHandler()	8	static
startup_mimxrt1011.cpp:793:11:void TEMP_LOW_HIGH_IRQHandler()	8	static
startup_mimxrt1011.cpp:797:11:void TEMP_PANIC_IRQHandler()	8	static
startup_mimxrt1011.cpp:801:11:void USB_PHY_IRQHandler()	8	static
startup_mimxrt1011.cpp:805:11:void GPC_IRQHandler()	8	static
startup_mimxrt1011.cpp:809:11:void ADC1_IRQHandler()	8	static
startup_mimxrt1011.cpp:813:11:void FLEXIO1_IRQHandler()	8	static
startup_mimxrt1011.cpp:817:11:void DCDC_IRQHandler()	8	static
startup_mimxrt1011.cpp:821:11:void GPIO1_Combined_0_15_IRQHandler()	8	static
startup_mimxrt1011.cpp:825:11:void GPIO1_Combined_16_31_IRQHandler()	8	static
startup_mimxrt1011.cpp:829:11:void GPIO2_Combined_0_15_IRQHandler()	8	static
startup_mimxrt1011.cpp:833:11:void GPIO5_Combined_0_15_IRQHandler()	8	static
startup_mimxrt1011.cpp:837:11:void WDOG1_IRQHandler()	8	static
startup_mimxrt1011.cpp:841:11:void ADC_ETC_IRQ0_IRQHandler()	8	static
startup_mimxrt1011.cpp:845:11:void ADC_ETC_IRQ1_IRQHandler()	8	static
startup_mimxrt1011.cpp:849:11:void ADC_ETC_IRQ2_IRQHandler()	8	static
startup_mimxrt1011.cpp:853:11:void ADC_ETC_IRQ3_IRQHandler()	8	static
startup_mimxrt1011.cpp:857:11:void ADC_ETC_ERROR_IRQ_IRQHandler()	8	static
